Component: ARM Compiler 5.05 update 1 (build 106) Tool: armlink [4d0efa]

==============================================================================

Section Cross References

    main.o(.text) refers to delay.o(.text) for delay_init
    main.o(.text) refers to misc.o(.text) for NVIC_PriorityGroupConfig
    main.o(.text) refers to usart.o(.text) for uart1_init
    main.o(.text) refers to __2printf.o(.text) for __2printf
    main.o(.text) refers to led.o(.text) for LED_Init
    main.o(.text) refers to lora_app.o(.text) for LoRa_Init
    system_stm32f10x.o(.text) refers to system_stm32f10x.o(.data) for SystemCoreClock
    exti.o(.text) refers to stm32f10x_rcc.o(.text) for RCC_APB2PeriphClockCmd
    exti.o(.text) refers to stm32f10x_gpio.o(.text) for GPIO_EXTILineConfig
    exti.o(.text) refers to stm32f10x_exti.o(.text) for EXTI_Init
    exti.o(.text) refers to misc.o(.text) for NVIC_Init
    led.o(.text) refers to stm32f10x_rcc.o(.text) for RCC_APB2PeriphClockCmd
    led.o(.text) refers to stm32f10x_gpio.o(.text) for GPIO_Init
    timer.o(.text) refers to stm32f10x_tim.o(.text) for TIM_SetCounter
    timer.o(.text) refers to stm32f10x_rcc.o(.text) for RCC_APB1PeriphClockCmd
    timer.o(.text) refers to misc.o(.text) for NVIC_Init
    timer.o(.text) refers to usart3.o(.data) for USART3_RX_STA
    delay.o(.text) refers to misc.o(.text) for SysTick_CLKSourceConfig
    delay.o(.text) refers to system_stm32f10x.o(.data) for SystemCoreClock
    delay.o(.text) refers to delay.o(.data) for fac_us
    usart.o(.text) refers (Special) to use_no_semi_2.o(.text) for __use_no_semihosting
    usart.o(.text) refers to stm32f10x_rcc.o(.text) for RCC_APB2PeriphClockCmd
    usart.o(.text) refers to stm32f10x_gpio.o(.text) for GPIO_Init
    usart.o(.text) refers to misc.o(.text) for NVIC_Init
    usart.o(.text) refers to stm32f10x_usart.o(.text) for USART_Init
    usart.o(.bss) refers (Special) to use_no_semi_2.o(.text) for __use_no_semihosting
    usart.o(.data) refers (Special) to use_no_semi_2.o(.text) for __use_no_semihosting
    usart3.o(.text) refers to stm32f10x_usart.o(.text) for USART_GetITStatus
    usart3.o(.text) refers to stm32f10x_tim.o(.text) for TIM_SetCounter
    usart3.o(.text) refers to stm32f10x_rcc.o(.text) for RCC_APB2PeriphClockCmd
    usart3.o(.text) refers to stm32f10x_gpio.o(.text) for GPIO_Init
    usart3.o(.text) refers to misc.o(.text) for NVIC_Init
    usart3.o(.text) refers to timer.o(.text) for TIM4_Int_Init
    usart3.o(.text) refers to vsprintf.o(.text) for vsprintf
    usart3.o(.text) refers to strlen.o(.text) for strlen
    usart3.o(.text) refers to usart3.o(.data) for USART3_RX_STA
    usart3.o(.text) refers to lora_app.o(.data) for Lora_mode
    usart3.o(.text) refers to usart3.o(.bss) for USART3_RX_BUF
    startup_stm32f10x_md.o(STACK) refers (Special) to heapauxi.o(.text) for __use_two_region_memory
    startup_stm32f10x_md.o(HEAP) refers (Special) to heapauxi.o(.text) for __use_two_region_memory
    startup_stm32f10x_md.o(RESET) refers (Special) to heapauxi.o(.text) for __use_two_region_memory
    startup_stm32f10x_md.o(RESET) refers to startup_stm32f10x_md.o(STACK) for __initial_sp
    startup_stm32f10x_md.o(RESET) refers to startup_stm32f10x_md.o(.text) for Reset_Handler
    startup_stm32f10x_md.o(RESET) refers to stm32f10x_it.o(.text) for NMI_Handler
    startup_stm32f10x_md.o(RESET) refers to exti.o(.text) for EXTI1_IRQHandler
    startup_stm32f10x_md.o(RESET) refers to lora_app.o(.text) for EXTI4_IRQHandler
    startup_stm32f10x_md.o(RESET) refers to timer.o(.text) for TIM4_IRQHandler
    startup_stm32f10x_md.o(RESET) refers to usart.o(.text) for USART1_IRQHandler
    startup_stm32f10x_md.o(RESET) refers to usart3.o(.text) for USART3_IRQHandler
    startup_stm32f10x_md.o(.text) refers (Special) to heapauxi.o(.text) for __use_two_region_memory
    startup_stm32f10x_md.o(.text) refers to __main.o(!!!main) for __main
    startup_stm32f10x_md.o(.text) refers to startup_stm32f10x_md.o(HEAP) for Heap_Mem
    startup_stm32f10x_md.o(.text) refers to startup_stm32f10x_md.o(STACK) for Stack_Mem
    stm32f10x_gpio.o(.text) refers to stm32f10x_rcc.o(.text) for RCC_APB2PeriphResetCmd
    stm32f10x_rcc.o(.text) refers to stm32f10x_rcc.o(.data) for APBAHBPrescTable
    stm32f10x_usart.o(.text) refers to stm32f10x_rcc.o(.text) for RCC_APB2PeriphResetCmd
    stm32f10x_tim.o(.text) refers to stm32f10x_rcc.o(.text) for RCC_APB2PeriphResetCmd
    lora_app.o(.text) refers to _printf_percent.o(.ARM.Collect$$_printf_percent$$00000000) for _printf_percent
    lora_app.o(.text) refers to _printf_s.o(.ARM.Collect$$_printf_percent$$00000014) for _printf_s
    lora_app.o(.text) refers to _printf_str.o(.text) for _printf_str
    lora_app.o(.text) refers to _printf_d.o(.ARM.Collect$$_printf_percent$$00000009) for _printf_d
    lora_app.o(.text) refers to _printf_dec.o(.text) for _printf_int_dec
    lora_app.o(.text) refers to _printf_pad.o(.text) for _printf_pre_padding
[...]
    !!!scatter                               0x080000f4   Section       52  __scatter.o(!!!scatter)
    !!handler_copy                           0x08000128   Section       26  __scatter_copy.o(!!handler_copy)
    !!handler_zi                             0x08000144   Section       28  __scatter_zi.o(!!handler_zi)
    .ARM.Collect$$_printf_percent$$00000000  0x08000160   Section        0  _printf_percent.o(.ARM.Collect$$_printf_percent$$00000000)
    .ARM.Collect$$_printf_percent$$00000001  0x08000160   Section        6  _printf_n.o(.ARM.Collect$$_printf_percent$$00000001)
    .ARM.Collect$$_printf_percent$$00000002  0x08000166   Section        6  _printf_p.o(.ARM.Collect$$_printf_percent$$00000002)
    .ARM.Collect$$_printf_percent$$00000003  0x0800016c   Section        6  _printf_f.o(.ARM.Collect$$_printf_percent$$00000003)
    .ARM.Collect$$_printf_percent$$00000004  0x08000172   Section        6  _printf_e.o(.ARM.Collect$$_printf_percent$$00000004)
    .ARM.Collect$$_printf_percent$$00000005  0x08000178   Section        6  _printf_g.o(.ARM.Collect$$_printf_percent$$00000005)
    .ARM.Collect$$_printf_percent$$00000006  0x0800017e   Section        6  _printf_a.o(.ARM.Collect$$_printf_percent$$00000006)
    .ARM.Collect$$_printf_percent$$00000007  0x08000184   Section       10  _printf_ll.o(.ARM.Collect$$_printf_percent$$00000007)
    .ARM.Collect$$_printf_percent$$00000008  0x0800018e   Section        6  _printf_i.o(.ARM.Collect$$_printf_percent$$00000008)
    .ARM.Collect$$_printf_percent$$00000009  0x08000194   Section        6  _printf_d.o(.ARM.Collect$$_printf_percent$$00000009)
    .ARM.Collect$$_printf_percent$$0000000A  0x0800019a   Section        6  _printf_u.o(.ARM.Collect$$_printf_percent$$0000000A)
    .ARM.Collect$$_printf_percent$$0000000B  0x080001a0   Section        6  _printf_o.o(.ARM.Collect$$_printf_percent$$0000000B)
    .ARM.Collect$$_printf_percent$$0000000C  0x080001a6   Section        6  _printf_x.o(.ARM.Collect$$_printf_percent$$0000000C)
    .ARM.Collect$$_printf_percent$$0000000D  0x080001ac   Section        6  _printf_lli.o(.ARM.Collect$$_printf_percent$$0000000D)
    .ARM.Collect$$_printf_percent$$0000000E  0x080001b2   Section        6  _printf_lld.o(.ARM.Collect$$_printf_percent$$0000000E)
    .ARM.Collect$$_printf_percent$$0000000F  0x080001b8   Section        6  _printf_llu.o(.ARM.Collect$$_printf_percent$$0000000F)
    .ARM.Collect$$_printf_percent$$00000010  0x080001be   Section        6  _printf_llo.o(.ARM.Collect$$_printf_percent$$00000010)
    .ARM.Collect$$_printf_percent$$00000011  0x080001c4   Section        6  _printf_llx.o(.ARM.Collect$$_printf_percent$$00000011)
    .ARM.Collect$$_printf_percent$$00000012  0x080001ca   Section       10  _printf_l.o(.ARM.Collect$$_printf_percent$$00000012)
    .ARM.Collect$$_printf_percent$$00000013  0x080001d4   Section        6  _printf_c.o(.ARM.Collect$$_printf_percent$$00000013)
    .ARM.Collect$$_printf_percent$$00000014  0x080001da   Section        6  _printf_s.o(.ARM.Collect$$_printf_percent$$00000014)
    .ARM.Collect$$_printf_percent$$00000015  0x080001e0   Section        6  _printf_lc.o(.ARM.Collect$$_printf_percent$$00000015)
    .ARM.Collect$$_printf_percent$$00000016  0x080001e6   Section        6  _printf_ls.o(.ARM.Collect$$_printf_percent$$00000016)
    .ARM.Collect$$_printf_percent$$00000017  0x080001ec   Section        4  _printf_percent_end.o(.ARM.Collect$$_printf_percent$$00000017)
    .ARM.Collect$$libinit$$00000000          0x080001f0   Section        2  libinit.o(.ARM.Collect$$libinit$$00000000)
    .ARM.Collect$$libinit$$00000002          0x080001f2   Section        0  libinit2.o(.ARM.Collect$$libinit$$00000002)
    .ARM.Collect$$libinit$$00000004          0x080001f2   Section        0  libinit2.o(.ARM.Collect$$libinit$$00000004)
    .ARM.Collect$$libinit$$0000000A          0x080001f2   Section        0  libinit2.o(.ARM.Collect$$libinit$$0000000A)
    .ARM.Collect$$libinit$$0000000C          0x080001f2   Section        0  libinit2.o(.ARM.Collect$$libinit$$0000000C)
    .ARM.Collect$$libinit$$0000000E          0x080001f2   Section        0  libinit2.o(.ARM.Collect$$libinit$$0000000E)
    .ARM.Collect$$libinit$$0000000F          0x080001f2   Section        6  libinit2.o(.ARM.Collect$$libinit$$0000000F)
    .ARM.Collect$$libinit$$00000011          0x080001f8   Section        0  libinit2.o(.ARM.Collect$$libinit$$00000011)
    .ARM.Collect$$libinit$$00000012          0x080001f8   Section       12  libinit2.o(.ARM.Collect$$libinit$$00000012)
    .ARM.Collect$$libinit$$00000013          0x08000204   Section        0  libinit2.o(.ARM.Collect$$libinit$$00000013)
    .ARM.Collect$$libinit$$00000015          0x08000204   Section        0  libinit2.o(.ARM.Collect$$libinit$$00000015)
    .ARM.Collect$$libinit$$00000016          0x08000204   Section       10  libinit2.o(.ARM.Collect$$libinit$$00000016)
    .ARM.Collect$$libinit$$00000017          0x0800020e   Section        0  libinit2.o(.ARM.Collect$$libinit$$00000017)
    .ARM.Collect$$libinit$$00000019          0x0800020e   Section        0  libinit2.o(.ARM.Collect$$libinit$$00000019)
    .ARM.Collect$$libinit$$0000001B          0x0800020e   Section        0  libinit2.o(.ARM.Collect$$libinit$$0000001B)
    .ARM.Collect$$libinit$$0000001D          0x0800020e   Section        0  libinit2.o(.ARM.Collect$$libinit$$0000001D)
    .ARM.Collect$$libinit$$0000001F          0x0800020e   Section        0  libinit2.o(.ARM.Collect$$libinit$$0000001F)
    .ARM.Collect$$libinit$$00000021          0x0800020e   Section        0  libinit2.o(.ARM.Collect$$libinit$$00000021)
    .ARM.Collect$$libinit$$00000023          0x0800020e   Section        0  libinit2.o(.ARM.Collect$$libinit$$00000023)
    .ARM.Collect$$libinit$$00000025          0x0800020e   Section        0  libinit2.o(.ARM.Collect$$libinit$$00000025)
    .ARM.Collect$$libinit$$0000002C          0x0800020e   Section        0  libinit2.o(.ARM.Collect$$libinit$$0000002C)
    .ARM.Collect$$libinit$$0000002E          0x0800020e   Section        0  libinit2.o(.ARM.Collect$$libinit$$0000002E)
    .ARM.Collect$$libinit$$00000030          0x0800020e   Section        0  libinit2.o(.ARM.Collect$$libinit$$00000030)
    .ARM.Collect$$libinit$$00000032          0x0800020e   Section        0  libinit2.o(.ARM.Collect$$libinit$$00000032)
    .ARM.Collect$$libinit$$00000033          0x0800020e   Section        2  libinit2.o(.ARM.Collect$$libinit$$00000033)
    .ARM.Collect$$libshutdown$$00000000      0x08000210   Section        2  libshutdown.o(.ARM.Collect$$libshutdown$$00000000)
    .ARM.Collect$$libshutdown$$00000003      0x08000212   Section        0  libshutdown2.o(.ARM.Collect$$libshutdown$$00000003)
    .ARM.Collect$$libshutdown$$00000006      0x08000212   Section        0  libshutdown2.o(.ARM.Collect$$libshutdown$$00000006)
    .ARM.Collect$$libshutdown$$00000009      0x08000212   Section        0  libshutdown2.o(.ARM.Collect$$libshutdown$$00000009)
    .ARM.Collect$$libshutdown$$0000000B      0x08000212   Section        0  libshutdown2.o(.ARM.Collect$$libshutdown$$0000000B)
    .ARM.Collect$$libshutdown$$0000000E      0x08000212   Section        0  libshutdown2.o(.ARM.Collect$$libshutdown$$0000000E)
    .ARM.Collect$$libshutdown$$0000000F      0x08000212   Section        2  libshutdown2.o(.ARM.Collect$$libshutdown$$0000000F)
    .ARM.Collect$$rtentry$$00000000          0x08000214   Section        0  __rtentry.o(.ARM.Collect$$rtentry$$00000000)
    .ARM.Collect$$rtentry$$00000002          0x08000214   Section        0  __rtentry2.o(.ARM.Collect$$rtentry$$00000002)
    .ARM.Collect$$rtentry$$00000004          0x08000214   Section        6  __rtentry4.o(.ARM.Collect$$rtentry$$00000004)
    .ARM.Collect$$rtentry$$00000009          0x0800021a   Section        0  __rtentry2.o(.ARM.Collect$$rtentry$$00000009)
    .ARM.Collect$$rtentry$$0000000A          0x0800021a   Section        4  __rtentry2.o(.ARM.Collect$$rtentry$$0000000A)
    .ARM.Collect$$rtentry$$0000000C          0x0800021e   Section        0  __rtentry2.o(.ARM.Collect$$rtentry$$0000000C)
    .ARM.Collect$$rtentry$$0000000D          0x0800021e   Section        8  __rtentry2.o(.ARM.Collect$$rtentry$$0000000D)
    .ARM.Collect$$rtexit$$00000000           0x08000226   Section        2  rtexit.o(.ARM.Collect$$rtexit$$00000000)
    .ARM.Collect$$rtexit$$00000002           0x08000228   Section        0  rtexit2.o(.ARM.Collect$$rtexit$$00000002)
    .ARM.Collect$$rtexit$$00000003           0x08000228   Section        4  rtexit2.o(.ARM.Collect$$rtexit$$00000003)
    .ARM.Collect$$rtexit$$00000004           0x0800022c   Section        6  rtexit2.o(.ARM.Collect$$rtexit$$00000004)
    .text                                    0x08000234   Section        0  main.o(.text)
    .text                                    0x080002d8   Section        0  stm32f10x_it.o(.text)
    .text                                    0x080002f2   Section        0  exti.o(.text)
    .text                                    0x0800034c   Section        0  led.o(.text)
    .text                                    0x08000384   Section        0  timer.o(.text)
    .text                                    0x08000434   Section        0  delay.o(.text)
    .text                                    0x08000508   Section        0  usart.o(.text)
    .text                                    0x080006b8   Section        0  usart3.o(.text)
    .text                                    0x08000920   Section       56  startup_stm32f10x_md.o(.text)
    .text                                    0x08000958   Section        0  misc.o(.text)
    .text                                    0x08000a34   Section        0  stm32f10x_gpio.o(.text)
    .text                                    0x08000d90   Section        0  stm32f10x_rcc.o(.text)
    .text                                    0x08001134   Section        0  stm32f10x_usart.o(.text)
    .text                                    0x0800153c   Section        0  stm32f10x_tim.o(.text)
    TI4_Config                               0x080019e3   Thumb Code   130  stm32f10x_tim.o(.text)
    TI3_Config                               0x08001a77   Thumb Code   122  stm32f10x_tim.o(.text)
    TI2_Config                               0x08001b0b   Thumb Code   130  stm32f10x_tim.o(.text)
    TI1_Config                               0x08001b9f   Thumb Code   108  stm32f10x_tim.o(.text)
    .text                                    0x08002358   Section        0  stm32f10x_exti.o(.text)
    .text                                    0x08002474   Section        0  lora_app.o(.text)
    .text                                    0x080029b4   Section        2  use_no_semi_2.o(.text)
    .text                                    0x080029b8   Section        0  vsprintf.o(.text)
    .text                                    0x080029dc   Section        0  __2printf.o(.text)
    .text                                    0x080029f4   Section        0  __2sprintf.o(.text)
    .text                                    0x08002a20   Section        0  _printf_pad.o(.text)
    .text                                    0x08002a6e   Section        0  _printf_str.o(.text)
    .text                                    0x08002ac0   Section        0  _printf_dec.o(.text)
    .text                                    0x08002b38   Section        0  _printf_hex_int_ll_ptr.o(.text)
    _printf_hex_common                       0x08002b39   Thumb Code     0  _printf_hex_int_ll_ptr.o(.text)
    .text                                    0x08002bcc   Section        0  __printf_flags_ss_wp.o(.text)
    .text                                    0x08002d54   Section        0  strstr.o(.text)
    .text                                    0x08002d78   Section        0  strlen.o(.text)
    .text                                    0x08002db6   Section        0  heapauxi.o(.text)
    .text                                    0x08002dbc   Section        2  use_no_semi.o(.text)
    .text                                    0x08002dbe   Section        0  _printf_truncate.o(.text)
    .text                                    0x08002de2   Section        0  _printf_intcommon.o(.text)
    .text                                    0x08002e94   Section        0  _printf_charcount.o(.text)
    .text                                    0x08002ebc   Section        0  _printf_char_common.o(.text)
    _printf_input_char                       0x08002ebd   Thumb Code    10  _printf_char_common.o(.text)
    .text                                    0x08002eec   Section        0  _sputc.o(.text)
    .text                                    0x08002ef6   Section        0  _printf_char.o(.text)
    .text                                    0x08002f24   Section        0  _printf_char_file.o(.text)
    .text                                    0x08002f48   Section        0  _printf_wctomb.o(.text)
    .text                                    0x08003004   Section        0  _printf_longlong_dec.o(.text)
    .text                                    0x08003080   Section        0  _printf_oct_int_ll.o(.text)
    _printf_longlong_oct_internal            0x08003081   Thumb Code     0  _printf_oct_int_ll.o(.text)
    .text                                    0x080030f0   Section      138  lludiv10.o(.text)
    .text                                    0x0800317a   Section        0  _printf_fp_dec.o(.text)
    _fp_digits                               0x0800317d   Thumb Code   428  _printf_fp_dec.o(.text)
    .text                                    0x08003594   Section        0  _printf_fp_hex.o(.text)
    .text                                    0x08003890   Section        0  _printf_wchar.o(.text)
    .text                                    0x080038bc   Section        0  ferror.o(.text)
    .text                                    0x080038c4   Section        0  _wcrtomb.o(.text)
    .text                                    0x08003904   Section       74  sys_stackheap_outer.o(.text)
    .text                                    0x08003950   Section       16  rt_ctype_table.o(.text)
    .text                                    0x08003960   Section        8  rt_locale_intlibspace.o(.text)
    .text                                    0x08003968   Section        0  _printf_fp_infnan.o(.text)
    .text                                    0x080039e8   Section        0  bigflt0.o(.text)
    .text                                    0x08003ac4   Section        0  exit.o(.text)
    .text                                    0x08003ad0   Section        8  libspace.o(.text)
    .text                                    0x08003ad8   Section      128  strcmpv7m.o(.text)
    CL$$btod_d2e                             0x08003b58   Section       62  btod.o(CL$$btod_d2e)
    CL$$btod_d2e_denorm_low                  0x08003b96   Section       70  btod.o(CL$$btod_d2e_denorm_low)
    CL$$btod_d2e_norm_op1                    0x08003bdc   Section       96  btod.o(CL$$btod_d2e_norm_op1)
    CL$$btod_div_common                      0x08003c3c   Section      824  btod.o(CL$$btod_div_common)
    CL$$btod_e2e                             0x08003f74   Section      198  btod.o(CL$$btod_e2e)
    CL$$btod_ediv                            0x0800403a   Section       40  btod.o(CL$$btod_ediv)
    CL$$btod_emul                            0x08004062   Section       40  btod.o(CL$$btod_emul)
    CL$$btod_mult_common                     0x0800408a   Section      580  btod.o(CL$$btod_mult_common)
    i.__ARM_fpclassify                       0x080042ce   Section        0  fpclassify.o(i.__ARM_fpclassify)
    i._is_digit                              0x080042f6   Section        0  __printf_wp.o(i._is_digit)
    locale$$code                             0x08004304   Section       44  lc_numeric_c.o(locale$$code)
    locale$$code                             0x08004330   Section       44  lc_ctype_c.o(locale$$code)
    x$fpl$printf1                            0x0800435c   Section        4  printf1.o(x$fpl$printf1)
    x$fpl$printf2                            0x08004360   Section        4  printf2.o(x$fpl$printf2)
    .constdata                               0x08004364   Section       40  _printf_hex_int_ll_ptr.o(.constdata)
    x$fpl$usenofp                            0x08004364   Section        0  usenofp.o(x$fpl$usenofp)
    uc_hextab                                0x08004364   Data          20  _printf_hex_int_ll_ptr.o(.constdata)
    lc_hextab                                0x08004378   Data          20  _printf_hex_int_ll_ptr.o(.constdata)
    .constdata                               0x0800438c   Section       17  __printf_flags_ss_wp.o(.constdata)
    maptable                                 0x0800438c   Data          17  __printf_flags_ss_wp.o(.constdata)
    .constdata                               0x080043a0   Section        8  _printf_wctomb.o(.constdata)
    initial_mbstate                          0x080043a0   Data           8  _printf_wctomb.o(.constdata)
    .constdata                               0x080043a8   Section       38  _printf_fp_hex.o(.constdata)
    lc_hextab                                0x080043a8   Data          19  _printf_fp_hex.o(.constdata)
    uc_hextab                                0x080043bb   Data          19  _printf_fp_hex.o(.constdata)
    .constdata                               0x080043d0   Section      148  bigflt0.o(.constdata)
    tenpwrs_x                                0x080043d0   Data          60  bigflt0.o(.constdata)
    tenpwrs_i                                0x0800440c   Data          64  bigflt0.o(.constdata)
    locale$$data                             0x08004484   Section       28  lc_numeric_c.o(locale$$data)
    __lcnum_c_name                           0x08004488   Data           2  lc_numeric_c.o(locale$$data)
    __lcnum_c_start                          0x08004490   Data           0  lc_numeric_c.o(locale$$data)
    __lcnum_c_point                          0x0800449c   Data           0  lc_numeric_c.o(locale$$data)
    __lcnum_c_thousands                      0x0800449e   Data           0  lc_numeric_c.o(locale$$data)
    __lcnum_c_grouping                       0x0800449f   Data           0  lc_numeric_c.o(locale$$data)
    locale$$data                             0x080044a0   Section      272  lc_ctype_c.o(locale$$data)
    __lcnum_c_end                            0x080044a0   Data           0  lc_numeric_c.o(locale$$data)
    __lcctype_c_name                         0x080044a4   Data           2  lc_ctype_c.o(locale$$data)
    __lcctype_c_start                        0x080044ac   Data           0  lc_ctype_c.o(locale$$data)
    __lcctype_c_end                          0x080045b0   Data           0  lc_ctype_c.o(locale$$data)
    .data                                    0x20000000   Section       20  system_stm32f10x.o(.data)
    .data                                    0x20000014   Section        4  delay.o(.data)
    fac_us                                   0x20000014   Data           1  delay.o(.data)
    fac_ms                                   0x20000016   Data           2  delay.o(.data)
    .data                                    0x20000018   Section        8  usart.o(.data)
    .data                                    0x20000020   Section        8  usart3.o(.data)
    bound                                    0x20000024   Data           4  usart3.o(.data)
    .data                                    0x20000028   Section       20  stm32f10x_rcc.o(.data)
    APBAHBPrescTable                         0x20000028   Data          16  stm32f10x_rcc.o(.data)
    ADCPrescTable                            0x20000038   Data           4  stm32f10x_rcc.o(.data)
    .data                                    0x2000003c   Section       35  lora_app.o(.data)
    Int_mode                                 0x20000058   Data           1  lora_app.o(.data)
    num                                      0x2000005e   Data           1  lora_app.o(.data)
    .bss                                     0x20000060   Section     1640  usart3.o(.bss)
    .bss                                     0x200006c8   Section       60  lora_app.o(.bss)
    .bss                                     0x20000704   Section       96  libspace.o(.bss)
    HEAP                                     0x20000768   Section      512  startup_stm32f10x_md.o(HEAP)
    Heap_Mem                                 0x20000768   Data         512  startup_stm32f10x_md.o(HEAP)
    STACK                                    0x20000968   Section     1024  startup_stm32f10x_md.o(STACK)
    Stack_Mem                                0x20000968   Data        1024  startup_stm32f10x_md.o(STACK)
    __initial_sp                             0x20000d68   Data           0  startup_stm32f10x_md.o(STACK)

    Global Symbols

    Symbol Name                              Value     Ov Type        Size  Object(Section)

    BuildAttributes$$THM_ISAv4$P$D$K$B$S$PE$A:L22UL41UL21$X:L11$S22US41US21$IEEE1$IW$USESV6$~STKCKD$USESV7$~SHL$OTIME$ROPI$IEEEJ$EBA8$UX$STANDARDLIB$REQ8$PRES8$EABIv2 0x00000000   Number         0  anon$$obj.o ABSOLUTE
    __ARM_use_no_argv                        0x00000000   Number         0  main.o ABSOLUTE
    _printf_flags                            0x00000000   Number         0  printf_stubs.o ABSOLUTE
    _printf_return_value                     0x00000000   Number         0  printf_stubs.o ABSOLUTE
    _printf_sizespec                         0x00000000   Number         0  printf_stubs.o ABSOLUTE
    _printf_widthprec                        0x00000000   Number         0  printf_stubs.o ABSOLUTE
    __ARM_exceptions_init                     - Undefined Weak Reference
    __alloca_initialize                       - Undefined Weak Reference
    __arm_preinit_                            - Undefined Weak Reference
    __cpp_initialize__aeabi_                  - Undefined Weak Reference
    __cxa_finalize                            - Undefined Weak Reference
    __sigvec_lookup                           - Undefined Weak Reference
    _atexit_init                              - Undefined Weak Reference
    _call_atexit_fns                          - Undefined Weak Reference
    _clock_init                               - Undefined Weak Reference
    _fp_trap_init                             - Undefined Weak Reference
    _fp_trap_shutdown                         - Undefined Weak Reference
    _get_lc_collate                           - Undefined Weak Reference
    _get_lc_monetary                          - Undefined Weak Reference
    _get_lc_time                              - Undefined Weak Reference
    _getenv_init                              - Undefined Weak Reference
    _handle_redirection                       - Undefined Weak Reference
    _init_alloc                               - Undefined Weak Reference
    _init_user_alloc                          - Undefined Weak Reference
    _initio                                   - Undefined Weak Reference
    _mutex_acquire                            - Undefined Weak Reference
    _mutex_release                            - Undefined Weak Reference
    _printf_mbtowc                            - Undefined Weak Reference
    _printf_wc                                - Undefined Weak Reference
    _rand_init                                - Undefined Weak Reference
    _signal_finish                            - Undefined Weak Reference
    _signal_init                              - Undefined Weak Reference
    _terminate_alloc                          - Undefined Weak Reference
    _terminate_user_alloc                     - Undefined Weak Reference
    _terminateio                              - Undefined Weak Reference
    __Vectors_Size                           0x000000ec   Number         0  startup_stm32f10x_md.o ABSOLUTE
    __Vectors                                0x08000000   Data           4  startup_stm32f10x_md.o(RESET)
    __Vectors_End                            0x080000ec   Data           0  startup_stm32f10x_md.o(RESET)
    __main                                   0x080000ed   Thumb Code     8  __main.o(!!!main)
    __scatterload                            0x080000f5   Thumb Code     0  __scatter.o(!!!scatter)
    __scatterload_rt2                        0x080000f5   Thumb Code    44  __scatter.o(!!!scatter)
    __scatterload_rt2_thumb_only             0x080000f5   Thumb Code     0  __scatter.o(!!!scatter)
    __scatterload_null                       0x08000103   Thumb Code     0  __scatter.o(!!!scatter)
    __scatterload_copy                       0x08000129   Thumb Code    26  __scatter_copy.o(!!handler_copy)
    __scatterload_zeroinit                   0x08000145   Thumb Code    28  __scatter_zi.o(!!handler_zi)
    _printf_n                                0x08000161   Thumb Code     0  _printf_n.o(.ARM.Collect$$_printf_percent$$00000001)
    _printf_percent                          0x08000161   Thumb Code     0  _printf_percent.o(.ARM.Collect$$_printf_percent$$00000000)
    _printf_p                                0x08000167   Thumb Code     0  _printf_p.o(.ARM.Collect$$_printf_percent$$00000002)
    _printf_f                                0x0800016d   Thumb Code     0  _printf_f.o(.ARM.Collect$$_printf_percent$$00000003)
    _printf_e                                0x08000173   Thumb Code     0  _printf_e.o(.ARM.Collect$$_printf_percent$$00000004)
    _printf_g                                0x08000179   Thumb Code     0  _printf_g.o(.ARM.Collect$$_printf_percent$$00000005)
    _printf_a                                0x0800017f   Thumb Code     0  _printf_a.o(.ARM.Collect$$_printf_percent$$00000006)
    _printf_ll                               0x08000185   Thumb Code     0  _printf_ll.o(.ARM.Collect$$_printf_percent$$00000007)
    _printf_i                                0x0800018f   Thumb Code     0  _printf_i.o(.ARM.Collect$$_printf_percent$$00000008)
    _printf_d                                0x08000195   Thumb Code     0  _printf_d.o(.ARM.Collect$$_printf_percent$$00000009)
    _printf_u                                0x0800019b   Thumb Code     0  _printf_u.o(.ARM.Collect$$_printf_percent$$0000000A)
    _printf_o                                0x080001a1   Thumb Code     0  _printf_o.o(.ARM.Collect$$_printf_percent$$0000000B)
    _printf_x                                0x080001a7   Thumb Code     0  _printf_x.o(.ARM.Collect$$_printf_percent$$0000000C)
    _printf_lli                              0x080001ad   Thumb Code     0  _printf_lli.o(.ARM.Collect$$_printf_percent$$0000000D)
    _printf_lld                              0x080001b3   Thumb Code     0  _printf_lld.o(.ARM.Collect$$_printf_percent$$0000000E)
    _printf_llu                              0x080001b9   Thumb Code     0  _printf_llu.o(.ARM.Collect$$_printf_percent$$0000000F)
    _printf_llo                              0x080001bf   Thumb Code     0  _printf_llo.o(.ARM.Collect$$_printf_percent$$00000010)
    _printf_llx                              0x080001c5   Thumb Code     0  _printf_llx.o(.ARM.Collect$$_printf_percent$$00000011)
    _printf_l                                0x080001cb   Thumb Code     0  _printf_l.o(.ARM.Collect$$_printf_percent$$00000012)
    _printf_c                                0x080001d5   Thumb Code     0  _printf_c.o(.ARM.Collect$$_printf_percent$$00000013)
    _printf_s                                0x080001db   Thumb Code     0  _printf_s.o(.ARM.Collect$$_printf_percent$$00000014)
    _printf_lc                               0x080001e1   Thumb Code     0  _printf_lc.o(.ARM.Collect$$_printf_percent$$00000015)
    _printf_ls                               0x080001e7   Thumb Code     0  _printf_ls.o(.ARM.Collect$$_printf_percent$$00000016)
    _printf_percent_end                      0x080001ed   Thumb Code     0  _printf_percent_end.o(.ARM.Collect$$_printf_percent$$00000017)
    __rt_lib_init                            0x080001f1   Thumb Code     0  libinit.o(.ARM.Collect$$libinit$$00000000)
    __rt_lib_init_fp_1                       0x080001f3   Thumb Code     0  libinit2.o(.ARM.Collect$$libinit$$00000002)
    __rt_lib_init_heap_1                     0x080001f3   Thumb Code     0  libinit2.o(.ARM.Collect$$libinit$$0000000A)
    __rt_lib_init_lc_common                  0x080001f3   Thumb Code     0  libinit2.o(.ARM.Collect$$libinit$$0000000F)
    __rt_lib_init_preinit_1                  0x080001f3   Thumb Code     0  libinit2.o(.ARM.Collect$$libinit$$00000004)
    __rt_lib_init_rand_1                     0x080001f3   Thumb Code     0  libinit2.o(.ARM.Collect$$libinit$$0000000E)
    __rt_lib_init_user_alloc_1               0x080001f3   Thumb Code     0  libinit2.o(.ARM.Collect$$libinit$$0000000C)
    __rt_lib_init_lc_collate_1               0x080001f9   Thumb Code     0  libinit2.o(.ARM.Collect$$libinit$$00000011)
    __rt_lib_init_lc_ctype_2                 0x080001f9   Thumb Code     0  libinit2.o(.ARM.Collect$$libinit$$00000012)
    __rt_lib_init_lc_ctype_1                 0x08000205   Thumb Code     0  libinit2.o(.ARM.Collect$$libinit$$00000013)
    __rt_lib_init_lc_monetary_1              0x08000205   Thumb Code     0  libinit2.o(.ARM.Collect$$libinit$$00000015)
    __rt_lib_init_lc_numeric_2               0x08000205   Thumb Code     0  libinit2.o(.ARM.Collect$$libinit$$00000016)
    __rt_lib_init_alloca_1                   0x0800020f   Thumb Code     0  libinit2.o(.ARM.Collect$$libinit$$0000002E)
    __rt_lib_init_argv_1                     0x0800020f   Thumb Code     0  libinit2.o(.ARM.Collect$$libinit$$0000002C)
    __rt_lib_init_atexit_1                   0x0800020f   Thumb Code     0  libinit2.o(.ARM.Collect$$libinit$$0000001B)
    __rt_lib_init_clock_1                    0x0800020f   Thumb Code     0  libinit2.o(.ARM.Collect$$libinit$$00000021)
    __rt_lib_init_cpp_1                      0x0800020f   Thumb Code     0  libinit2.o(.ARM.Collect$$libinit$$00000032)
    __rt_lib_init_exceptions_1               0x0800020f   Thumb Code     0  libinit2.o(.ARM.Collect$$libinit$$00000030)
    __rt_lib_init_fp_trap_1                  0x0800020f   Thumb Code     0  libinit2.o(.ARM.Collect$$libinit$$0000001F)
    __rt_lib_init_getenv_1                   0x0800020f   Thumb Code     0  libinit2.o(.ARM.Collect$$libinit$$00000023)
    __rt_lib_init_lc_numeric_1               0x0800020f   Thumb Code     0  libinit2.o(.ARM.Collect$$libinit$$00000017)
    __rt_lib_init_lc_time_1                  0x0800020f   Thumb Code     0  libinit2.o(.ARM.Collect$$libinit$$00000019)
    __rt_lib_init_return                     0x0800020f   Thumb Code     0  libinit2.o(.ARM.Collect$$libinit$$00000033)
    __rt_lib_init_signal_1                   0x0800020f   Thumb Code     0  libinit2.o(.ARM.Collect$$libinit$$0000001D)
    __rt_lib_init_stdio_1                    0x0800020f   Thumb Code     0  libinit2.o(.ARM.Collect$$libinit$$00000025)
    __rt_lib_shutdown                        0x08000211   Thumb Code     0  libshutdown.o(.ARM.Collect$$libshutdown$$00000000)
    __rt_lib_shutdown_fp_trap_1              0x08000213   Thumb Code     0  libshutdown2.o(.ARM.Collect$$libshutdown$$00000006)
    __rt_lib_shutdown_heap_1                 0x08000213   Thumb Code     0  libshutdown2.o(.ARM.Collect$$libshutdown$$0000000E)
    __rt_lib_shutdown_return                 0x08000213   Thumb Code     0  libshutdown2.o(.ARM.Collect$$libshutdown$$0000000F)
    __rt_lib_shutdown_signal_1               0x08000213   Thumb Code     0  libshutdown2.o(.ARM.Collect$$libshutdown$$00000009)
    __rt_lib_shutdown_stdio_1                0x08000213   Thumb Code     0  libshutdown2.o(.ARM.Collect$$libshutdown$$00000003)
    __rt_lib_shutdown_user_alloc_1           0x08000213   Thumb Code     0  libshutdown2.o(.ARM.Collect$$libshutdown$$0000000B)
    __rt_entry                               0x08000215   Thumb Code     0  __rtentry.o(.ARM.Collect$$rtentry$$00000000)
    __rt_entry_presh_1                       0x08000215   Thumb Code     0  __rtentry2.o(.ARM.Collect$$rtentry$$00000002)
    __rt_entry_sh                            0x08000215   Thumb Code     0  __rtentry4.o(.ARM.Collect$$rtentry$$00000004)
    __rt_entry_li                            0x0800021b   Thumb Code     0  __rtentry2.o(.ARM.Collect$$rtentry$$0000000A)
    __rt_entry_postsh_1                      0x0800021b   Thumb Code     0  __rtentry2.o(.ARM.Collect$$rtentry$$00000009)
    __rt_entry_main                          0x0800021f   Thumb Code     0  __rtentry2.o(.ARM.Collect$$rtentry$$0000000D)
    __rt_entry_postli_1                      0x0800021f   Thumb Code     0  __rtentry2.o(.ARM.Collect$$rtentry$$0000000C)
    __rt_exit                                0x08000227   Thumb Code     0  rtexit.o(.ARM.Collect$$rtexit$$00000000)
    __rt_exit_ls                             0x08000229   Thumb Code     0  rtexit2.o(.ARM.Collect$$rtexit$$00000003)
    __rt_exit_prels_1                        0x08000229   Thumb Code     0  rtexit2.o(.ARM.Collect$$rtexit$$00000002)
    __rt_exit_exit                           0x0800022d   Thumb Code     0  rtexit2.o(.ARM.Collect$$rtexit$$00000004)
    main                                     0x08000235   Thumb Code    86  main.o(.text)
    NMI_Handler                              0x080002d9   Thumb Code     2  stm32f10x_it.o(.text)
    HardFault_Handler                        0x080002db   Thumb Code     4  stm32f10x_it.o(.text)
    MemManage_Handler                        0x080002df   Thumb Code     4  stm32f10x_it.o(.text)
    BusFault_Handler                         0x080002e3   Thumb Code     4  stm32f10x_it.o(.text)
    UsageFault_Handler                       0x080002e7   Thumb Code     4  stm32f10x_it.o(.text)
    SVC_Handler                              0x080002eb   Thumb Code     2  stm32f10x_it.o(.text)
    DebugMon_Handler                         0x080002ed   Thumb Code     2  stm32f10x_it.o(.text)
    PendSV_Handler                           0x080002ef   Thumb Code     2  stm32f10x_it.o(.text)
    SysTick_Handler                          0x080002f1   Thumb Code     2  stm32f10x_it.o(.text)
    EXTIX_Init                               0x080002f3   Thumb Code    70  exti.o(.text)
    EXTI1_IRQHandler                         0x08000339   Thumb Code    18  exti.o(.text)
    LED_Init                                 0x0800034d   Thumb Code    50  led.o(.text)
    TIM4_SetARR                              0x08000385   Thumb Code    36  timer.o(.text)
    TIM4_Int_Init                            0x080003a9   Thumb Code    90  timer.o(.text)
    TIM4_IRQHandler                          0x08000403   Thumb Code    42  timer.o(.text)
    delay_init                               0x08000435   Thumb Code    50  delay.o(.text)
    delay_us                                 0x08000467   Thumb Code    72  delay.o(.text)
    delay_ms                                 0x080004af   Thumb Code    72  delay.o(.text)
    _sys_exit                                0x08000509   Thumb Code     4  usart.o(.text)
    fputc                                    0x0800050d   Thumb Code    24  usart.o(.text)
    uart1_init                               0x08000525   Thumb Code   152  usart.o(.text)
    USART1_IRQHandler                        0x080005bd   Thumb Code    24  usart.o(.text)
    uart2_init                               0x080005d5   Thumb Code   184  usart.o(.text)
    USART2_IRQHandler                        0x0800068d   Thumb Code    32  usart.o(.text)
    USART3_IRQHandler                        0x080006b9   Thumb Code   100  usart3.o(.text)
    usart3_init                              0x0800071d   Thumb Code   178  usart3.o(.text)
    u3_printf                                0x080007cf   Thumb Code    72  usart3.o(.text)
    usart3_set                               0x08000817   Thumb Code   182  usart3.o(.text)
    usart3_rx                                0x080008cd   Thumb Code    46  usart3.o(.text)
    Reset_Handler                            0x08000921   Thumb Code     4  startup_stm32f10x_md.o(.text)
    ADC1_2_IRQHandler                        0x08000937   Thumb Code     0  startup_stm32f10x_md.o(.text)
    CAN1_RX1_IRQHandler                      0x08000937   Thumb Code     0  startup_stm32f10x_md.o(.text)
    CAN1_SCE_IRQHandler                      0x08000937   Thumb Code     0  startup_stm32f10x_md.o(.text)
    DMA1_Channel1_IRQHandler                 0x08000937   Thumb Code     0  startup_stm32f10x_md.o(.text)
    DMA1_Channel2_IRQHandler                 0x08000937   Thumb Code     0  startup_stm32f10x_md.o(.text)
    DMA1_Channel3_IRQHandler                 0x08000937   Thumb Code     0  startup_stm32f10x_md.o(.text)
    DMA1_Channel4_IRQHandler                 0x08000937   Thumb Code     0  startup_stm32f10x_md.o(.text)
    DMA1_Channel5_IRQHandler                 0x08000937   Thumb Code     0  startup_stm32f10x_md.o(.text)
    DMA1_Channel6_IRQHandler                 0x08000937   Thumb Code     0  startup_stm32f10x_md.o(.text)
    DMA1_Channel7_IRQHandler                 0x08000937   Thumb Code     0  startup_stm32f10x_md.o(.text)
    EXTI0_IRQHandler                         0x08000937   Thumb Code     0  startup_stm32f10x_md.o(.text)
    EXTI15_10_IRQHandler                     0x08000937   Thumb Code     0  startup_stm32f10x_md.o(.text)
    EXTI2_IRQHandler                         0x08000937   Thumb Code     0  startup_stm32f10x_md.o(.text)
    EXTI3_IRQHandler                         0x08000937   Thumb Code     0  startup_stm32f10x_md.o(.text)
    EXTI9_5_IRQHandler                       0x08000937   Thumb Code     0  startup_stm32f10x_md.o(.text)
    FLASH_IRQHandler                         0x08000937   Thumb Code     0  startup_stm32f10x_md.o(.text)
    I2C1_ER_IRQHandler                       0x08000937   Thumb Code     0  startup_stm32f10x_md.o(.text)
    I2C1_EV_IRQHandler                       0x08000937   Thumb Code     0  startup_stm32f10x_md.o(.text)
    I2C2_ER_IRQHandler                       0x08000937   Thumb Code     0  startup_stm32f10x_md.o(.text)
    I2C2_EV_IRQHandler                       0x08000937   Thumb Code     0  startup_stm32f10x_md.o(.text)
    PVD_IRQHandler                           0x08000937   Thumb Code     0  startup_stm32f10x_md.o(.text)
    RCC_IRQHandler                           0x08000937   Thumb Code     0  startup_stm32f10x_md.o(.text)
    RTCAlarm_IRQHandler                      0x08000937   Thumb Code     0  startup_stm32f10x_md.o(.text)
    RTC_IRQHandler                           0x08000937   Thumb Code     0  startup_stm32f10x_md.o(.text)
    SPI1_IRQHandler                          0x08000937   Thumb Code     0  startup_stm32f10x_md.o(.text)
    SPI2_IRQHandler                          0x08000937   Thumb Code     0  startup_stm32f10x_md.o(.text)
    TAMPER_IRQHandler                        0x08000937   Thumb Code     0  startup_stm32f10x_md.o(.text)
    TIM1_BRK_IRQHandler                      0x08000937   Thumb Code     0  startup_stm32f10x_md.o(.text)
    TIM1_CC_IRQHandler                       0x08000937   Thumb Code     0  startup_stm32f10x_md.o(.text)
    TIM1_TRG_COM_IRQHandler                  0x08000937   Thumb Code     0  startup_stm32f10x_md.o(.text)
    TIM1_UP_IRQHandler                       0x08000937   Thumb Code     0  startup_stm32f10x_md.o(.text)
    TIM2_IRQHandler                          0x08000937   Thumb Code     0  startup_stm32f10x_md.o(.text)
    TIM3_IRQHandler                          0x08000937   Thumb Code     0  startup_stm32f10x_md.o(.text)
    USBWakeUp_IRQHandler                     0x08000937   Thumb Code     0  startup_stm32f10x_md.o(.text)
    USB_HP_CAN1_TX_IRQHandler                0x08000937   Thumb Code     0  startup_stm32f10x_md.o(.text)
    USB_LP_CAN1_RX0_IRQHandler               0x08000937   Thumb Code     0  startup_stm32f10x_md.o(.text)
    WWDG_IRQHandler                          0x08000937   Thumb Code     0  startup_stm32f10x_md.o(.text)
    __user_initial_stackheap                 0x08000939   Thumb Code     0  startup_stm32f10x_md.o(.text)
    NVIC_PriorityGroupConfig                 0x08000959   Thumb Code    10  misc.o(.text)
    NVIC_Init                                0x08000963   Thumb Code   100  misc.o(.text)
    NVIC_SetVectorTable                      0x080009c7   Thumb Code    14  misc.o(.text)
    NVIC_SystemLPConfig                      0x080009d5   Thumb Code    34  misc.o(.text)
    SysTick_CLKSourceConfig                  0x080009f7   Thumb Code    40  misc.o(.text)
    GPIO_DeInit                              0x08000a35   Thumb Code   172  stm32f10x_gpio.o(.text)
    GPIO_AFIODeInit                          0x08000ae1   Thumb Code    20  stm32f10x_gpio.o(.text)
    GPIO_Init                                0x08000af5   Thumb Code   278  stm32f10x_gpio.o(.text)
    GPIO_StructInit                          0x08000c0b   Thumb Code    16  stm32f10x_gpio.o(.text)
    GPIO_ReadInputDataBit                    0x08000c1b   Thumb Code    18  stm32f10x_gpio.o(.text)
    GPIO_ReadInputData                       0x08000c2d   Thumb Code     8  stm32f10x_gpio.o(.text)
    GPIO_ReadOutputDataBit                   0x08000c35   Thumb Code    18  stm32f10x_gpio.o(.text)
    GPIO_ReadOutputData                      0x08000c47   Thumb Code     8  stm32f10x_gpio.o(.text)
    GPIO_SetBits                             0x08000c4f   Thumb Code     4  stm32f10x_gpio.o(.text)
    GPIO_ResetBits                           0x08000c53   Thumb Code     4  stm32f10x_gpio.o(.text)
    GPIO_WriteBit                            0x08000c57   Thumb Code    10  stm32f10x_gpio.o(.text)
    GPIO_Write                               0x08000c61   Thumb Code     4  stm32f10x_gpio.o(.text)
    GPIO_PinLockConfig                       0x08000c65   Thumb Code    18  stm32f10x_gpio.o(.text)
    GPIO_EventOutputConfig                   0x08000c77   Thumb Code    26  stm32f10x_gpio.o(.text)
    GPIO_EventOutputCmd                      0x08000c91   Thumb Code     6  stm32f10x_gpio.o(.text)
    GPIO_PinRemapConfig                      0x08000c97   Thumb Code   138  stm32f10x_gpio.o(.text)
    GPIO_EXTILineConfig                      0x08000d21   Thumb Code    66  stm32f10x_gpio.o(.text)
    GPIO_ETH_MediaInterfaceConfig            0x08000d63   Thumb Code     8  stm32f10x_gpio.o(.text)
    RCC_DeInit                               0x08000d91   Thumb Code    64  stm32f10x_rcc.o(.text)
    RCC_HSEConfig                            0x08000dd1   Thumb Code    70  stm32f10x_rcc.o(.text)
    RCC_GetFlagStatus                        0x08000e17   Thumb Code    56  stm32f10x_rcc.o(.text)
    RCC_WaitForHSEStartUp                    0x08000e4f   Thumb Code    56  stm32f10x_rcc.o(.text)
    RCC_AdjustHSICalibrationValue            0x08000e87   Thumb Code    20  stm32f10x_rcc.o(.text)
    RCC_HSICmd                               0x08000e9b   Thumb Code     6  stm32f10x_rcc.o(.text)
    RCC_PLLConfig                            0x08000ea1   Thumb Code    24  stm32f10x_rcc.o(.text)
    RCC_PLLCmd                               0x08000eb9   Thumb Code     6  stm32f10x_rcc.o(.text)
    RCC_SYSCLKConfig                         0x08000ebf   Thumb Code    18  stm32f10x_rcc.o(.text)
    RCC_GetSYSCLKSource                      0x08000ed1   Thumb Code    10  stm32f10x_rcc.o(.text)
    RCC_HCLKConfig                           0x08000edb   Thumb Code    18  stm32f10x_rcc.o(.text)
    RCC_PCLK1Config                          0x08000eed   Thumb Code    18  stm32f10x_rcc.o(.text)
    RCC_PCLK2Config                          0x08000eff   Thumb Code    20  stm32f10x_rcc.o(.text)
    RCC_ITConfig                             0x08000f13   Thumb Code    26  stm32f10x_rcc.o(.text)
    RCC_USBCLKConfig                         0x08000f2d   Thumb Code     8  stm32f10x_rcc.o(.text)
    RCC_ADCCLKConfig                         0x08000f35   Thumb Code    18  stm32f10x_rcc.o(.text)
    RCC_LSEConfig                            0x08000f47   Thumb Code    50  stm32f10x_rcc.o(.text)
    RCC_LSICmd                               0x08000f79   Thumb Code     6  stm32f10x_rcc.o(.text)
    RCC_RTCCLKConfig                         0x08000f7f   Thumb Code    12  stm32f10x_rcc.o(.text)
    RCC_RTCCLKCmd                            0x08000f8b   Thumb Code     8  stm32f10x_rcc.o(.text)
    RCC_GetClocksFreq                        0x08000f93   Thumb Code   192  stm32f10x_rcc.o(.text)
    RCC_AHBPeriphClockCmd                    0x08001053   Thumb Code    26  stm32f10x_rcc.o(.text)
    RCC_APB2PeriphClockCmd                   0x0800106d   Thumb Code    26  stm32f10x_rcc.o(.text)
    RCC_APB1PeriphClockCmd                   0x08001087   Thumb Code    26  stm32f10x_rcc.o(.text)
    RCC_APB2PeriphResetCmd                   0x080010a1   Thumb Code    26  stm32f10x_rcc.o(.text)
    RCC_APB1PeriphResetCmd                   0x080010bb   Thumb Code    26  stm32f10x_rcc.o(.text)
    RCC_BackupResetCmd                       0x080010d5   Thumb Code     8  stm32f10x_rcc.o(.text)
    RCC_ClockSecuritySystemCmd               0x080010dd   Thumb Code     6  stm32f10x_rcc.o(.text)
    RCC_MCOConfig                            0x080010e3   Thumb Code     6  stm32f10x_rcc.o(.text)
    RCC_ClearFlag                            0x080010e9   Thumb Code    14  stm32f10x_rcc.o(.text)
    RCC_GetITStatus                          0x080010f7   Thumb Code    20  stm32f10x_rcc.o(.text)
    RCC_ClearITPendingBit                    0x0800110b   Thumb Code     6  stm32f10x_rcc.o(.text)
    USART_DeInit                             0x08001135   Thumb Code   134  stm32f10x_usart.o(.text)
    USART_Init                               0x080011bb   Thumb Code   210  stm32f10x_usart.o(.text)
    USART_StructInit                         0x0800128d   Thumb Code    24  stm32f10x_usart.o(.text)
    USART_ClockInit                          0x080012a5   Thumb Code    34  stm32f10x_usart.o(.text)
    USART_ClockStructInit                    0x080012c7   Thumb Code    12  stm32f10x_usart.o(.text)
    USART_Cmd                                0x080012d3   Thumb Code    24  stm32f10x_usart.o(.text)
    USART_ITConfig                           0x080012eb   Thumb Code    74  stm32f10x_usart.o(.text)
    USART_DMACmd                             0x08001335   Thumb Code    18  stm32f10x_usart.o(.text)
    USART_SetAddress                         0x08001347   Thumb Code    18  stm32f10x_usart.o(.text)
    USART_WakeUpConfig                       0x08001359   Thumb Code    18  stm32f10x_usart.o(.text)
    USART_ReceiverWakeUpCmd                  0x0800136b   Thumb Code    24  stm32f10x_usart.o(.text)
    USART_LINBreakDetectLengthConfig         0x08001383   Thumb Code    18  stm32f10x_usart.o(.text)
    USART_LINCmd                             0x08001395   Thumb Code    24  stm32f10x_usart.o(.text)
    USART_SendData                           0x080013ad   Thumb Code     8  stm32f10x_usart.o(.text)
    USART_ReceiveData                        0x080013b5   Thumb Code    10  stm32f10x_usart.o(.text)
    USART_SendBreak                          0x080013bf   Thumb Code    10  stm32f10x_usart.o(.text)
    USART_SetGuardTime                       0x080013c9   Thumb Code    16  stm32f10x_usart.o(.text)
    USART_SetPrescaler                       0x080013d9   Thumb Code    16  stm32f10x_usart.o(.text)
    USART_SmartCardCmd                       0x080013e9   Thumb Code    24  stm32f10x_usart.o(.text)
    USART_SmartCardNACKCmd                   0x08001401   Thumb Code    24  stm32f10x_usart.o(.text)
    USART_HalfDuplexCmd                      0x08001419   Thumb Code    24  stm32f10x_usart.o(.text)
    USART_OverSampling8Cmd                   0x08001431   Thumb Code    22  stm32f10x_usart.o(.text)
    USART_OneBitMethodCmd                    0x08001447   Thumb Code    24  stm32f10x_usart.o(.text)
    USART_IrDAConfig                         0x0800145f   Thumb Code    18  stm32f10x_usart.o(.text)
    USART_IrDACmd                            0x08001471   Thumb Code    24  stm32f10x_usart.o(.text)
    USART_GetFlagStatus                      0x08001489   Thumb Code    26  stm32f10x_usart.o(.text)
    USART_ClearFlag                          0x080014a3   Thumb Code    18  stm32f10x_usart.o(.text)
    USART_GetITStatus                        0x080014b5   Thumb Code    84  stm32f10x_usart.o(.text)
    USART_ClearITPendingBit                  0x08001509   Thumb Code    52  stm32f10x_usart.o(.text)
    TIM_DeInit                               0x0800153d   Thumb Code   424  stm32f10x_tim.o(.text)
    TIM_TimeBaseInit                         0x080016e5   Thumb Code   122  stm32f10x_tim.o(.text)
    TIM_OC1Init                              0x0800175f   Thumb Code   132  stm32f10x_tim.o(.text)
    TIM_OC2Init                              0x080017e3   Thumb Code   154  stm32f10x_tim.o(.text)
    TIM_OC3Init                              0x0800187d   Thumb Code   150  stm32f10x_tim.o(.text)
    TIM_OC4Init                              0x08001913   Thumb Code   182  stm32f10x_tim.o(.text)
    TIM_SetIC4Prescaler                      0x080019c9   Thumb Code    26  stm32f10x_tim.o(.text)
    TIM_SetIC3Prescaler                      0x08001a65   Thumb Code    18  stm32f10x_tim.o(.text)
    TIM_SetIC2Prescaler                      0x08001af1   Thumb Code    26  stm32f10x_tim.o(.text)
    TIM_SetIC1Prescaler                      0x08001b8d   Thumb Code    18  stm32f10x_tim.o(.text)
    TIM_ICInit                               0x08001c0b   Thumb Code   150  stm32f10x_tim.o(.text)
    TIM_PWMIConfig                           0x08001ca1   Thumb Code   124  stm32f10x_tim.o(.text)
    TIM_BDTRConfig                           0x08001d1d   Thumb Code    32  stm32f10x_tim.o(.text)
    TIM_TimeBaseStructInit                   0x08001d3d   Thumb Code    18  stm32f10x_tim.o(.text)
    TIM_OCStructInit                         0x08001d4f   Thumb Code    20  stm32f10x_tim.o(.text)
    TIM_ICStructInit                         0x08001d63   Thumb Code    18  stm32f10x_tim.o(.text)
    TIM_BDTRStructInit                       0x08001d75   Thumb Code    40  stm32f10x_tim.o(.text)
    TIM_Cmd                                  0x08001d9d   Thumb Code    24  stm32f10x_tim.o(.text)
    TIM_CtrlPWMOutputs                       0x08001db5   Thumb Code    30  stm32f10x_tim.o(.text)
    TIM_ITConfig                             0x08001dd3   Thumb Code    18  stm32f10x_tim.o(.text)
    TIM_GenerateEvent                        0x08001de5   Thumb Code     4  stm32f10x_tim.o(.text)
    TIM_DMAConfig                            0x08001de9   Thumb Code    10  stm32f10x_tim.o(.text)
    TIM_DMACmd                               0x08001df3   Thumb Code    18  stm32f10x_tim.o(.text)
    TIM_InternalClockConfig                  0x08001e05   Thumb Code    12  stm32f10x_tim.o(.text)
    TIM_SelectInputTrigger                   0x08001e11   Thumb Code    18  stm32f10x_tim.o(.text)
    TIM_ITRxExternalClockConfig              0x08001e23   Thumb Code    24  stm32f10x_tim.o(.text)
    TIM_TIxExternalClockConfig               0x08001e3b   Thumb Code    62  stm32f10x_tim.o(.text)
    TIM_ETRConfig                            0x08001e79   Thumb Code    28  stm32f10x_tim.o(.text)
    TIM_ETRClockMode1Config                  0x08001e95   Thumb Code    54  stm32f10x_tim.o(.text)
    TIM_ETRClockMode2Config                  0x08001ecb   Thumb Code    32  stm32f10x_tim.o(.text)
    TIM_PrescalerConfig                      0x08001eeb   Thumb Code     6  stm32f10x_tim.o(.text)
    TIM_CounterModeConfig                    0x08001ef1   Thumb Code    18  stm32f10x_tim.o(.text)
    TIM_EncoderInterfaceConfig               0x08001f03   Thumb Code    66  stm32f10x_tim.o(.text)
    TIM_ForcedOC1Config                      0x08001f45   Thumb Code    18  stm32f10x_tim.o(.text)
    TIM_ForcedOC2Config                      0x08001f57   Thumb Code    26  stm32f10x_tim.o(.text)
    TIM_ForcedOC3Config                      0x08001f71   Thumb Code    18  stm32f10x_tim.o(.text)
    TIM_ForcedOC4Config                      0x08001f83   Thumb Code    26  stm32f10x_tim.o(.text)
    TIM_ARRPreloadConfig                     0x08001f9d   Thumb Code    24  stm32f10x_tim.o(.text)
    TIM_SelectCOM                            0x08001fb5   Thumb Code    24  stm32f10x_tim.o(.text)
    TIM_SelectCCDMA                          0x08001fcd   Thumb Code    24  stm32f10x_tim.o(.text)
    TIM_CCPreloadControl                     0x08001fe5   Thumb Code    24  stm32f10x_tim.o(.text)
    TIM_OC1PreloadConfig                     0x08001ffd   Thumb Code    18  stm32f10x_tim.o(.text)
    TIM_OC2PreloadConfig                     0x0800200f   Thumb Code    26  stm32f10x_tim.o(.text)
    TIM_OC3PreloadConfig                     0x08002029   Thumb Code    18  stm32f10x_tim.o(.text)
    TIM_OC4PreloadConfig                     0x0800203b   Thumb Code    26  stm32f10x_tim.o(.text)
    TIM_OC1FastConfig                        0x08002055   Thumb Code    18  stm32f10x_tim.o(.text)
    TIM_OC2FastConfig                        0x08002067   Thumb Code    26  stm32f10x_tim.o(.text)
    TIM_OC3FastConfig                        0x08002081   Thumb Code    18  stm32f10x_tim.o(.text)
    TIM_OC4FastConfig                        0x08002093   Thumb Code    26  stm32f10x_tim.o(.text)
    TIM_ClearOC1Ref                          0x080020ad   Thumb Code    18  stm32f10x_tim.o(.text)
    TIM_ClearOC2Ref                          0x080020bf   Thumb Code    24  stm32f10x_tim.o(.text)
    TIM_ClearOC3Ref                          0x080020d7   Thumb Code    18  stm32f10x_tim.o(.text)
    TIM_ClearOC4Ref                          0x080020e9   Thumb Code    24  stm32f10x_tim.o(.text)
    TIM_OC1PolarityConfig                    0x08002101   Thumb Code    18  stm32f10x_tim.o(.text)
    TIM_OC1NPolarityConfig                   0x08002113   Thumb Code    18  stm32f10x_tim.o(.text)
    TIM_OC2PolarityConfig                    0x08002125   Thumb Code    26  stm32f10x_tim.o(.text)
    TIM_OC2NPolarityConfig                   0x0800213f   Thumb Code    26  stm32f10x_tim.o(.text)
    TIM_OC3PolarityConfig                    0x08002159   Thumb Code    26  stm32f10x_tim.o(.text)
    TIM_OC3NPolarityConfig                   0x08002173   Thumb Code    26  stm32f10x_tim.o(.text)
    TIM_OC4PolarityConfig                    0x0800218d   Thumb Code    26  stm32f10x_tim.o(.text)
    TIM_CCxCmd                               0x080021a7   Thumb Code    30  stm32f10x_tim.o(.text)
    TIM_CCxNCmd                              0x080021c5   Thumb Code    30  stm32f10x_tim.o(.text)
    TIM_SelectOCxM                           0x080021e3   Thumb Code    82  stm32f10x_tim.o(.text)
    TIM_UpdateDisableConfig                  0x08002235   Thumb Code    24  stm32f10x_tim.o(.text)
    TIM_UpdateRequestConfig                  0x0800224d   Thumb Code    24  stm32f10x_tim.o(.text)
    TIM_SelectHallSensor                     0x08002265   Thumb Code    24  stm32f10x_tim.o(.text)
    TIM_SelectOnePulseMode                   0x0800227d   Thumb Code    18  stm32f10x_tim.o(.text)
    TIM_SelectOutputTrigger                  0x0800228f   Thumb Code    18  stm32f10x_tim.o(.text)
    TIM_SelectSlaveMode                      0x080022a1   Thumb Code    18  stm32f10x_tim.o(.text)
    TIM_SelectMasterSlaveMode                0x080022b3   Thumb Code    18  stm32f10x_tim.o(.text)
    TIM_SetCounter                           0x080022c5   Thumb Code     4  stm32f10x_tim.o(.text)
    TIM_SetAutoreload                        0x080022c9   Thumb Code     4  stm32f10x_tim.o(.text)
    TIM_SetCompare1                          0x080022cd   Thumb Code     4  stm32f10x_tim.o(.text)
    TIM_SetCompare2                          0x080022d1   Thumb Code     4  stm32f10x_tim.o(.text)
    TIM_SetCompare3                          0x080022d5   Thumb Code     4  stm32f10x_tim.o(.text)
    TIM_SetCompare4                          0x080022d9   Thumb Code     6  stm32f10x_tim.o(.text)
    TIM_SetClockDivision                     0x080022df   Thumb Code    18  stm32f10x_tim.o(.text)
    TIM_GetCapture1                          0x080022f1   Thumb Code     6  stm32f10x_tim.o(.text)
    TIM_GetCapture2                          0x080022f7   Thumb Code     6  stm32f10x_tim.o(.text)
    TIM_GetCapture3                          0x080022fd   Thumb Code     6  stm32f10x_tim.o(.text)
    TIM_GetCapture4                          0x08002303   Thumb Code     8  stm32f10x_tim.o(.text)
    TIM_GetCounter                           0x0800230b   Thumb Code     6  stm32f10x_tim.o(.text)
    TIM_GetPrescaler                         0x08002311   Thumb Code     6  stm32f10x_tim.o(.text)
    TIM_GetFlagStatus                        0x08002317   Thumb Code    18  stm32f10x_tim.o(.text)
    TIM_ClearFlag                            0x08002329   Thumb Code     6  stm32f10x_tim.o(.text)
    TIM_GetITStatus                          0x0800232f   Thumb Code    34  stm32f10x_tim.o(.text)
    TIM_ClearITPendingBit                    0x08002351   Thumb Code     6  stm32f10x_tim.o(.text)
    EXTI_DeInit                              0x08002359   Thumb Code    28  stm32f10x_exti.o(.text)
    EXTI_Init                                0x08002375   Thumb Code   142  stm32f10x_exti.o(.text)
    EXTI_StructInit                          0x08002403   Thumb Code    16  stm32f10x_exti.o(.text)
    EXTI_GenerateSWInterrupt                 0x08002413   Thumb Code    16  stm32f10x_exti.o(.text)
    EXTI_GetFlagStatus                       0x08002423   Thumb Code    22  stm32f10x_exti.o(.text)
    EXTI_ClearFlag                           0x08002439   Thumb Code     8  stm32f10x_exti.o(.text)
    EXTI_GetITStatus                         0x08002441   Thumb Code    34  stm32f10x_exti.o(.text)
    EXTI_ClearITPendingBit                   0x08002463   Thumb Code     8  stm32f10x_exti.o(.text)
    Aux_Int                                  0x08002475   Thumb Code    68  lora_app.o(.text)
    EXTI4_IRQHandler                         0x080024b9   Thumb Code   118  lora_app.o(.text)
    lora_check_cmd                           0x0800252f   Thumb Code    52  lora_app.o(.text)
    lora_send_cmd                            0x08002563   Thumb Code   110  lora_app.o(.text)
    LoRa_Init                                0x080025d1   Thumb Code   218  lora_app.o(.text)
    LoRa_Set                                 0x080026ab   Thumb Code   274  lora_app.o(.text)
    LoRa_SendData                            0x080027bd   Thumb Code   490  lora_app.o(.text)
    __use_no_semihosting                     0x080029b5   Thumb Code     2  use_no_semi_2.o(.text)
    vsprintf                                 0x080029b9   Thumb Code    32  vsprintf.o(.text)
    __2printf                                0x080029dd   Thumb Code    20  __2printf.o(.text)
    __2sprintf                               0x080029f5   Thumb Code    38  __2sprintf.o(.text)
    _printf_pre_padding                      0x08002a21   Thumb Code    44  _printf_pad.o(.text)
    _printf_post_padding                     0x08002a4d   Thumb Code    34  _printf_pad.o(.text)
    _printf_str                              0x08002a6f   Thumb Code    82  _printf_str.o(.text)
    _printf_int_dec                          0x08002ac1   Thumb Code   104  _printf_dec.o(.text)
    _printf_longlong_hex                     0x08002b39   Thumb Code    86  _printf_hex_int_ll_ptr.o(.text)
    _printf_int_hex                          0x08002b8f   Thumb Code    28  _printf_hex_int_ll_ptr.o(.text)
    _printf_ll_hex                           0x08002bab   Thumb Code    12  _printf_hex_int_ll_ptr.o(.text)
    _printf_hex_ptr                          0x08002bb7   Thumb Code    18  _printf_hex_int_ll_ptr.o(.text)
    __printf                                 0x08002bcd   Thumb Code   388  __printf_flags_ss_wp.o(.text)
    strstr                                   0x08002d55   Thumb Code    36  strstr.o(.text)
    strlen                                   0x08002d79   Thumb Code    62  strlen.o(.text)
    __use_two_region_memory                  0x08002db7   Thumb Code     2  heapauxi.o(.text)
    __rt_heap_escrow$2region                 0x08002db9   Thumb Code     2  heapauxi.o(.text)
    __rt_heap_expand$2region                 0x08002dbb   Thumb Code     2  heapauxi.o(.text)
    __I$use$semihosting                      0x08002dbd   Thumb Code     0  use_no_semi.o(.text)
    __use_no_semihosting_swi                 0x08002dbd   Thumb Code     2  use_no_semi.o(.text)
    _printf_truncate_signed                  0x08002dbf   Thumb Code    18  _printf_truncate.o(.text)
    _printf_truncate_unsigned                0x08002dd1   Thumb Code    18  _printf_truncate.o(.text)
    _printf_int_common                       0x08002de3   Thumb Code   178  _printf_intcommon.o(.text)
    _printf_charcount                        0x08002e95   Thumb Code    40  _printf_charcount.o(.text)
    _printf_char_common                      0x08002ec7   Thumb Code    32  _printf_char_common.o(.text)
    _sputc                                   0x08002eed   Thumb Code    10  _sputc.o(.text)
    _printf_cs_common                        0x08002ef7   Thumb Code    20  _printf_char.o(.text)
    _printf_char                             0x08002f0b   Thumb Code    16  _printf_char.o(.text)
    _printf_string                           0x08002f1b   Thumb Code     8  _printf_char.o(.text)
    _printf_char_file                        0x08002f25   Thumb Code    32  _printf_char_file.o(.text)
    _printf_wctomb                           0x08002f49   Thumb Code   182  _printf_wctomb.o(.text)
    _printf_longlong_dec                     0x08003005   Thumb Code   108  _printf_longlong_dec.o(.text)
    _printf_longlong_oct                     0x08003081   Thumb Code    68  _printf_oct_int_ll.o(.text)
    _printf_int_oct                          0x080030c5   Thumb Code    24  _printf_oct_int_ll.o(.text)
    _printf_ll_oct                           0x080030dd   Thumb Code    12  _printf_oct_int_ll.o(.text)
    _ll_udiv10                               0x080030f1   Thumb Code   138  lludiv10.o(.text)
    __lib_sel_fp_printf                      0x0800317b   Thumb Code     2  _printf_fp_dec.o(.text)
    _printf_fp_dec_real                      0x08003329   Thumb Code   620  _printf_fp_dec.o(.text)
    _printf_fp_hex_real                      0x08003595   Thumb Code   754  _printf_fp_hex.o(.text)
    _printf_lcs_common                       0x08003891   Thumb Code    20  _printf_wchar.o(.text)
    _printf_wchar                            0x080038a5   Thumb Code    16  _printf_wchar.o(.text)
    _printf_wstring                          0x080038b5   Thumb Code     8  _printf_wchar.o(.text)
    ferror                                   0x080038bd   Thumb Code     8  ferror.o(.text)
    _wcrtomb                                 0x080038c5   Thumb Code    64  _wcrtomb.o(.text)
    __user_setup_stackheap                   0x08003905   Thumb Code    74  sys_stackheap_outer.o(.text)
    __rt_ctype_table                         0x08003951   Thumb Code    16  rt_ctype_table.o(.text)
    __rt_locale                              0x08003961   Thumb Code     8  rt_locale_intlibspace.o(.text)
    _printf_fp_infnan                        0x08003969   Thumb Code   112  _printf_fp_infnan.o(.text)
    _btod_etento                             0x080039e9   Thumb Code   216  bigflt0.o(.text)
    exit                                     0x08003ac5   Thumb Code    12  exit.o(.text)
    __user_libspace                          0x08003ad1   Thumb Code     8  libspace.o(.text)
    __user_perproc_libspace                  0x08003ad1   Thumb Code     0  libspace.o(.text)
    __user_perthread_libspace                0x08003ad1   Thumb Code     0  libspace.o(.text)
    strcmp                                   0x08003ad9   Thumb Code   128  strcmpv7m.o(.text)
    _btod_d2e                                0x08003b59   Thumb Code    62  btod.o(CL$$btod_d2e)
    _d2e_denorm_low                          0x08003b97   Thumb Code    70  btod.o(CL$$btod_d2e_denorm_low)
    _d2e_norm_op1                            0x08003bdd   Thumb Code    96  btod.o(CL$$btod_d2e_norm_op1)
    __btod_div_common                        0x08003c3d   Thumb Code   696  btod.o(CL$$btod_div_common)
    _e2e                                     0x08003f75   Thumb Code   198  btod.o(CL$$btod_e2e)
    _btod_ediv                               0x0800403b   Thumb Code    40  btod.o(CL$$btod_ediv)
    _btod_emul                               0x08004063   Thumb Code    40  btod.o(CL$$btod_emul)
    __btod_mult_common                       0x0800408b   Thumb Code   580  btod.o(CL$$btod_mult_common)
    __ARM_fpclassify                         0x080042cf   Thumb Code    40  fpclassify.o(i.__ARM_fpclassify)
    _is_digit                                0x080042f7   Thumb Code    14  __printf_wp.o(i._is_digit)
    _get_lc_numeric                          0x08004305   Thumb Code    44  lc_numeric_c.o(locale$$code)
    _get_lc_ctype                            0x08004331   Thumb Code    44  lc_ctype_c.o(locale$$code)
    _printf_fp_dec                           0x0800435d   Thumb Code     4  printf1.o(x$fpl$printf1)
    _printf_fp_hex                           0x08004361   Thumb Code     4  printf2.o(x$fpl$printf2)
    __I$use$fp                               0x08004364   Number         0  usenofp.o(x$fpl$usenofp)
    Region$$Table$$Base                      0x08004464   Number         0  anon$$obj.o(Region$$Table)
    Region$$Table$$Limit                     0x08004484   Number         0  anon$$obj.o(Region$$Table)
    __ctype                                  0x080044ad   Data           0  lc_ctype_c.o(locale$$data)
    SystemCoreClock                          0x20000000   Data           4  system_stm32f10x.o(.data)
    AHBPrescTable                            0x20000004   Data          16  system_stm32f10x.o(.data)
    USART_RX_STA                             0x20000018   Data           2  usart.o(.data)
    __stdout                                 0x2000001c   Data           4  usart.o(.data)
    USART3_RX_STA                            0x20000020   Data           2  usart3.o(.data)
    LoRa_CFG                                 0x2000003c   Data          10  lora_app.o(.data)
    EXTI_InitStructure                       0x20000048   Data           8  lora_app.o(.data)
    NVIC_InitStructure                       0x20000050   Data           4  lora_app.o(.data)
    obj_addr                                 0x20000054   Data           2  lora_app.o(.data)
    obj_chn                                  0x20000056   Data           1  lora_app.o(.data)
    Lora_mode                                0x20000057   Data           1  lora_app.o(.data)
    Dire_Date                                0x20000059   Data           5  lora_app.o(.data)
    USART3_RX_BUF                            0x20000060   Data        1024  usart3.o(.bss)
    USART3_TX_BUF                            0x20000460   Data         600  usart3.o(.bss)
    USART_InitStructure                      0x200006b8   Data          16  usart3.o(.bss)
    Tran_Data                                0x200006c8   Data          30  lora_app.o(.bss)
    date                                     0x200006e6   Data          30  lora_app.o(.bss)
    __libspace_start                         0x20000704   Data          96  libspace.o(.bss)
    __temporary_stack_top$libspace           0x20000764   Data           0  libspace.o(.bss)



==============================================================================

Memory Map of the image

  Image Entry point : 0x080000ed

  Load Region LR_IROM1 (Base: 0x08000000, Size: 0x00004610, Max: 0x00010000, ABSOLUTE)

    Execution Region ER_IROM1 (Base: 0x08000000, Size: 0x000045b0, Max: 0x00010000, ABSOLUTE)

    Base Addr    Size         Type   Attr      Idx    E Section Name        Object

    0x08000000   0x000000ec   Data   RO          330    RESET               startup_stm32f10x_md.o
    0x080000ec   0x00000008   Code   RO          525  * !!!main             c_w.l(__main.o)
    0x080000f4   0x00000034   Code   RO          796    !!!scatter          c_w.l(__scatter.o)
    0x08000128   0x0000001a   Code   RO          798    !!handler_copy      c_w.l(__scatter_copy.o)
    0x08000142   0x00000002   PAD
    0x08000144   0x0000001c   Code   RO          800    !!handler_zi        c_w.l(__scatter_zi.o)
    0x08000160   0x00000000   Code   RO          518    .ARM.Collect$$_printf_percent$$00000000  c_w.l(_printf_percent.o)
    0x08000160   0x00000006   Code   RO          556    .ARM.Collect$$_printf_percent$$00000001  c_w.l(_printf_n.o)
    0x08000166   0x00000006   Code   RO          557    .ARM.Collect$$_printf_percent$$00000002  c_w.l(_printf_p.o)
    0x0800016c   0x00000006   Code   RO          561    .ARM.Collect$$_printf_percent$$00000003  c_w.l(_printf_f.o)
    0x08000172   0x00000006   Code   RO          562    .ARM.Collect$$_printf_percent$$00000004  c_w.l(_printf_e.o)
    0x08000178   0x00000006   Code   RO          563    .ARM.Collect$$_printf_percent$$00000005  c_w.l(_printf_g.o)
    0x0800017e   0x00000006   Code   RO          564    .ARM.Collect$$_printf_percent$$00000006  c_w.l(_printf_a.o)
    0x08000184   0x0000000a   Code   RO          569    .ARM.Collect$$_printf_percent$$00000007  c_w.l(_printf_ll.o)
    0x0800018e   0x00000006   Code   RO          559    .ARM.Collect$$_printf_percent$$00000008  c_w.l(_printf_i.o)
    0x08000194   0x00000006   Code   RO          517    .ARM.Collect$$_printf_percent$$00000009  c_w.l(_printf_d.o)
    0x0800019a   0x00000006   Code   RO          560    .ARM.Collect$$_printf_percent$$0000000A  c_w.l(_printf_u.o)
    0x080001a0   0x00000006   Code   RO          558    .ARM.Collect$$_printf_percent$$0000000B  c_w.l(_printf_o.o)
    0x080001a6   0x00000006   Code   RO          516    .ARM.Collect$$_printf_percent$$0000000C  c_w.l(_printf_x.o)
    0x080001ac   0x00000006   Code   RO          566    .ARM.Collect$$_printf_percent$$0000000D  c_w.l(_printf_lli.o)
    0x080001b2   0x00000006   Code   RO          567    .ARM.Collect$$_printf_percent$$0000000E  c_w.l(_printf_lld.o)
    0x080001b8   0x00000006   Code   RO          568    .ARM.Collect$$_printf_percent$$0000000F  c_w.l(_printf_llu.o)
    0x080001be   0x00000006   Code   RO          573    .ARM.Collect$$_printf_percent$$00000010  c_w.l(_printf_llo.o)
    0x080001c4   0x00000006   Code   RO          574    .ARM.Collect$$_printf_percent$$00000011  c_w.l(_printf_llx.o)
    0x080001ca   0x0000000a   Code   RO          570    .ARM.Collect$$_printf_percent$$00000012  c_w.l(_printf_l.o)
    0x080001d4   0x00000006   Code   RO          555    .ARM.Collect$$_printf_percent$$00000013  c_w.l(_printf_c.o)
    0x080001da   0x00000006   Code   RO          515    .ARM.Collect$$_printf_percent$$00000014  c_w.l(_printf_s.o)
    0x080001e0   0x00000006   Code   RO          571    .ARM.Collect$$_printf_percent$$00000015  c_w.l(_printf_lc.o)
    0x080001e6   0x00000006   Code   RO          572    .ARM.Collect$$_printf_percent$$00000016  c_w.l(_printf_ls.o)
    0x080001ec   0x00000004   Code   RO          565    .ARM.Collect$$_printf_percent$$00000017  c_w.l(_printf_percent_end.o)
    0x080001f0   0x00000002   Code   RO          661    .ARM.Collect$$libinit$$00000000  c_w.l(libinit.o)
    0x080001f2   0x00000000   Code   RO          678    .ARM.Collect$$libinit$$00000002  c_w.l(libinit2.o)
    0x080001f2   0x00000000   Code   RO          680    .ARM.Collect$$libinit$$00000004  c_w.l(libinit2.o)
    0x080001f2   0x00000000   Code   RO          683    .ARM.Collect$$libinit$$0000000A  c_w.l(libinit2.o)
    0x080001f2   0x00000000   Code   RO          685    .ARM.Collect$$libinit$$0000000C  c_w.l(libinit2.o)
    0x080001f2   0x00000000   Code   RO          687    .ARM.Collect$$libinit$$0000000E  c_w.l(libinit2.o)
    0x080001f2   0x00000006   Code   RO          688    .ARM.Collect$$libinit$$0000000F  c_w.l(libinit2.o)
    0x080001f8   0x00000000   Code   RO          690    .ARM.Collect$$libinit$$00000011  c_w.l(libinit2.o)
    0x080001f8   0x0000000c   Code   RO          691    .ARM.Collect$$libinit$$00000012  c_w.l(libinit2.o)
    0x08000204   0x00000000   Code   RO          692    .ARM.Collect$$libinit$$00000013  c_w.l(libinit2.o)
    0x08000204   0x00000000   Code   RO          694    .ARM.Collect$$libinit$$00000015  c_w.l(libinit2.o)
    0x08000204   0x0000000a   Code   RO          695    .ARM.Collect$$libinit$$00000016  c_w.l(libinit2.o)
    0x0800020e   0x00000000   Code   RO          696    .ARM.Collect$$libinit$$00000017  c_w.l(libinit2.o)
    0x0800020e   0x00000000   Code   RO          698    .ARM.Collect$$libinit$$00000019  c_w.l(libinit2.o)
    0x0800020e   0x00000000   Code   RO          700    .ARM.Collect$$libinit$$0000001B  c_w.l(libinit2.o)
    0x0800020e   0x00000000   Code   RO          702    .ARM.Collect$$libinit$$0000001D  c_w.l(libinit2.o)
    0x0800020e   0x00000000   Code   RO          704    .ARM.Collect$$libinit$$0000001F  c_w.l(libinit2.o)
    0x0800020e   0x00000000   Code   RO          706    .ARM.Collect$$libinit$$00000021  c_w.l(libinit2.o)
    0x0800020e   0x00000000   Code   RO          708    .ARM.Collect$$libinit$$00000023  c_w.l(libinit2.o)
    0x0800020e   0x00000000   Code   RO          710    .ARM.Collect$$libinit$$00000025  c_w.l(libinit2.o)
    0x0800020e   0x00000000   Code   RO          714    .ARM.Collect$$libinit$$0000002C  c_w.l(libinit2.o)
    0x0800020e   0x00000000   Code   RO          716    .ARM.Collect$$libinit$$0000002E  c_w.l(libinit2.o)
    0x0800020e   0x00000000   Code   RO          718    .ARM.Collect$$libinit$$00000030  c_w.l(libinit2.o)
    0x0800020e   0x00000000   Code   RO          720    .ARM.Collect$$libinit$$00000032  c_w.l(libinit2.o)
    0x0800020e   0x00000002   Code   RO          721    .ARM.Collect$$libinit$$00000033  c_w.l(libinit2.o)
    0x08000210   0x00000002   Code   RO          739    .ARM.Collect$$libshutdown$$00000000  c_w.l(libshutdown.o)
    0x08000212   0x00000000   Code   RO          750    .ARM.Collect$$libshutdown$$00000003  c_w.l(libshutdown2.o)
    0x08000212   0x00000000   Code   RO          753    .ARM.Collect$$libshutdown$$00000006  c_w.l(libshutdown2.o)
    0x08000212   0x00000000   Code   RO          756    .ARM.Collect$$libshutdown$$00000009  c_w.l(libshutdown2.o)
    0x08000212   0x00000000   Code   RO          758    .ARM.Collect$$libshutdown$$0000000B  c_w.l(libshutdown2.o)
    0x08000212   0x00000000   Code   RO          761    .ARM.Collect$$libshutdown$$0000000E  c_w.l(libshutdown2.o)
    0x08000212   0x00000002   Code   RO          762    .ARM.Collect$$libshutdown$$0000000F  c_w.l(libshutdown2.o)
    0x08000214   0x00000000   Code   RO          529    .ARM.Collect$$rtentry$$00000000  c_w.l(__rtentry.o)
    0x08000214   0x00000000   Code   RO          584    .ARM.Collect$$rtentry$$00000002  c_w.l(__rtentry2.o)
    0x08000214   0x00000006   Code   RO          596    .ARM.Collect$$rtentry$$00000004  c_w.l(__rtentry4.o)
    0x0800021a   0x00000000   Code   RO          586    .ARM.Collect$$rtentry$$00000009  c_w.l(__rtentry2.o)
    0x0800021a   0x00000004   Code   RO          587    .ARM.Collect$$rtentry$$0000000A  c_w.l(__rtentry2.o)
    0x0800021e   0x00000000   Code   RO          589    .ARM.Collect$$rtentry$$0000000C  c_w.l(__rtentry2.o)
    0x0800021e   0x00000008   Code   RO          590    .ARM.Collect$$rtentry$$0000000D  c_w.l(__rtentry2.o)
    0x08000226   0x00000002   Code   RO          670    .ARM.Collect$$rtexit$$00000000  c_w.l(rtexit.o)
    0x08000228   0x00000000   Code   RO          723    .ARM.Collect$$rtexit$$00000002  c_w.l(rtexit2.o)
    0x08000228   0x00000004   Code   RO          724    .ARM.Collect$$rtexit$$00000003  c_w.l(rtexit2.o)
    0x0800022c   0x00000006   Code   RO          725    .ARM.Collect$$rtexit$$00000004  c_w.l(rtexit2.o)
    0x08000232   0x00000002   PAD
    0x08000234   0x000000a4   Code   RO            1    .text               main.o
    0x080002d8   0x0000001a   Code   RO          141    .text               stm32f10x_it.o
    0x080002f2   0x00000058   Code   RO          200    .text               exti.o
    0x0800034a   0x00000002   PAD
    0x0800034c   0x00000038   Code   RO          213    .text               led.o
    0x08000384   0x000000b0   Code   RO          225    .text               timer.o
    0x08000434   0x000000d4   Code   RO          238    .text               delay.o
    0x08000508   0x000001b0   Code   RO          269    .text               usart.o
    0x080006b8   0x00000268   Code   RO          292    .text               usart3.o
    0x08000920   0x00000038   Code   RO          331    .text               startup_stm32f10x_md.o
    0x08000958   0x000000dc   Code   RO          335    .text               misc.o
    0x08000a34   0x0000035c   Code   RO          359    .text               stm32f10x_gpio.o
    0x08000d90   0x000003a4   Code   RO          371    .text               stm32f10x_rcc.o
    0x08001134   0x00000408   Code   RO          385    .text               stm32f10x_usart.o
    0x0800153c   0x00000e1a   Code   RO          397    .text               stm32f10x_tim.o
    0x08002356   0x00000002   PAD
    0x08002358   0x0000011c   Code   RO          421    .text               stm32f10x_exti.o
    0x08002474   0x00000540   Code   RO          433    .text               lora_app.o
    0x080029b4   0x00000002   Code   RO          454    .text               c_w.l(use_no_semi_2.o)
    0x080029b6   0x00000002   PAD
    0x080029b8   0x00000024   Code   RO          456    .text               c_w.l(vsprintf.o)
    0x080029dc   0x00000018   Code   RO          458    .text               c_w.l(__2printf.o)
    0x080029f4   0x0000002c   Code   RO          460    .text               c_w.l(__2sprintf.o)
    0x08002a20   0x0000004e   Code   RO          468    .text               c_w.l(_printf_pad.o)
    0x08002a6e   0x00000052   Code   RO          470    .text               c_w.l(_printf_str.o)
    0x08002ac0   0x00000078   Code   RO          472    .text               c_w.l(_printf_dec.o)
    0x08002b38   0x00000094   Code   RO          492    .text               c_w.l(_printf_hex_int_ll_ptr.o)
    0x08002bcc   0x00000188   Code   RO          512    .text               c_w.l(__printf_flags_ss_wp.o)
    0x08002d54   0x00000024   Code   RO          519    .text               c_w.l(strstr.o)
    0x08002d78   0x0000003e   Code   RO          521    .text               c_w.l(strlen.o)
    0x08002db6   0x00000006   Code   RO          523    .text               c_w.l(heapauxi.o)
    0x08002dbc   0x00000002   Code   RO          527    .text               c_w.l(use_no_semi.o)
    0x08002dbe   0x00000024   Code   RO          530    .text               c_w.l(_printf_truncate.o)
    0x08002de2   0x000000b2   Code   RO          532    .text               c_w.l(_printf_intcommon.o)
    0x08002e94   0x00000028   Code   RO          534    .text               c_w.l(_printf_charcount.o)
    0x08002ebc   0x00000030   Code   RO          536    .text               c_w.l(_printf_char_common.o)
    0x08002eec   0x0000000a   Code   RO          538    .text               c_w.l(_sputc.o)
    0x08002ef6   0x0000002c   Code   RO          540    .text               c_w.l(_printf_char.o)
    0x08002f22   0x00000002   PAD
    0x08002f24   0x00000024   Code   RO          542    .text               c_w.l(_printf_char_file.o)
    0x08002f48   0x000000bc   Code   RO          544    .text               c_w.l(_printf_wctomb.o)
    0x08003004   0x0000007c   Code   RO          547    .text               c_w.l(_printf_longlong_dec.o)
    0x08003080   0x00000070   Code   RO          553    .text               c_w.l(_printf_oct_int_ll.o)
    0x080030f0   0x0000008a   Code   RO          598    .text               c_w.l(lludiv10.o)
    0x0800317a   0x0000041a   Code   RO          600    .text               c_w.l(_printf_fp_dec.o)
    0x08003594   0x000002fc   Code   RO          602    .text               c_w.l(_printf_fp_hex.o)
    0x08003890   0x0000002c   Code   RO          607    .text               c_w.l(_printf_wchar.o)
    0x080038bc   0x00000008   Code   RO          609    .text               c_w.l(ferror.o)
    0x080038c4   0x00000040   Code   RO          613    .text               c_w.l(_wcrtomb.o)
    0x08003904   0x0000004a   Code   RO          615    .text               c_w.l(sys_stackheap_outer.o)
    0x0800394e   0x00000002   PAD
    0x08003950   0x00000010   Code   RO          617    .text               c_w.l(rt_ctype_table.o)
    0x08003960   0x00000008   Code   RO          622    .text               c_w.l(rt_locale_intlibspace.o)
    0x08003968   0x00000080   Code   RO          624    .text               c_w.l(_printf_fp_infnan.o)
    0x080039e8   0x000000dc   Code   RO          626    .text               c_w.l(bigflt0.o)
    0x08003ac4   0x0000000c   Code   RO          654    .text               c_w.l(exit.o)
    0x08003ad0   0x00000008   Code   RO          667    .text               c_w.l(libspace.o)
    0x08003ad8   0x00000080   Code   RO          675    .text               c_w.l(strcmpv7m.o)
    0x08003b58   0x0000003e   Code   RO          629    CL$$btod_d2e        c_w.l(btod.o)
    0x08003b96   0x00000046   Code   RO          631    CL$$btod_d2e_denorm_low  c_w.l(btod.o)
    0x08003bdc   0x00000060   Code   RO          630    CL$$btod_d2e_norm_op1  c_w.l(btod.o)
    0x08003c3c   0x00000338   Code   RO          639    CL$$btod_div_common  c_w.l(btod.o)
    0x08003f74   0x000000c6   Code   RO          636    CL$$btod_e2e        c_w.l(btod.o)
    0x0800403a   0x00000028   Code   RO          633    CL$$btod_ediv       c_w.l(btod.o)
    0x08004062   0x00000028   Code   RO          632    CL$$btod_emul       c_w.l(btod.o)
    0x0800408a   0x00000244   Code   RO          638    CL$$btod_mult_common  c_w.l(btod.o)
    0x080042ce   0x00000028   Code   RO          665    i.__ARM_fpclassify  m_ws.l(fpclassify.o)
    0x080042f6   0x0000000e   Code   RO          505    i._is_digit         c_w.l(__printf_wp.o)
    0x08004304   0x0000002c   Code   RO          652    locale$$code        c_w.l(lc_numeric_c.o)
    0x08004330   0x0000002c   Code   RO          673    locale$$code        c_w.l(lc_ctype_c.o)
    0x0800435c   0x00000004   Code   RO          575    x$fpl$printf1       fz_ws.l(printf1.o)
    0x08004360   0x00000004   Code   RO          577    x$fpl$printf2       fz_ws.l(printf2.o)
    0x08004364   0x00000000   Code   RO          664    x$fpl$usenofp       fz_ws.l(usenofp.o)
    0x08004364   0x00000028   Data   RO          493    .constdata          c_w.l(_printf_hex_int_ll_ptr.o)
    0x0800438c   0x00000011   Data   RO          513    .constdata          c_w.l(__printf_flags_ss_wp.o)
    0x0800439d   0x00000003   PAD
    0x080043a0   0x00000008   Data   RO          545    .constdata          c_w.l(_printf_wctomb.o)
    0x080043a8   0x00000026   Data   RO          603    .constdata          c_w.l(_printf_fp_hex.o)
    0x080043ce   0x00000002   PAD
    0x080043d0   0x00000094   Data   RO          627    .constdata          c_w.l(bigflt0.o)
    0x08004464   0x00000020   Data   RO          794    Region$$Table       anon$$obj.o
    0x08004484   0x0000001c   Data   RO          651    locale$$data        c_w.l(lc_numeric_c.o)
    0x080044a0   0x00000110   Data   RO          672    locale$$data        c_w.l(lc_ctype_c.o)


    Execution Region RW_IRAM1 (Base: 0x20000000, Size: 0x00000d68, Max: 0x00005000, ABSOLUTE)

    Base Addr    Size         Type   Attr      Idx    E Section Name        Object

    0x20000000   0x00000014   Data   RW          183    .data               system_stm32f10x.o
    0x20000014   0x00000004   Data   RW          239    .data               delay.o
    0x20000018   0x00000008   Data   RW          271    .data               usart.o
    0x20000020   0x00000008   Data   RW          294    .data               usart3.o
    0x20000028   0x00000014   Data   RW          372    .data               stm32f10x_rcc.o
    0x2000003c   0x00000023   Data   RW          435    .data               lora_app.o
    0x2000005f   0x00000001   PAD
    0x20000060   0x00000668   Zero   RW          293    .bss                usart3.o
    0x200006c8   0x0000003c   Zero   RW          434    .bss                lora_app.o
    0x20000704   0x00000060   Zero   RW          668    .bss                c_w.l(libspace.o)
    0x20000764   0x00000004   PAD
    0x20000768   0x00000200   Zero   RW          329    HEAP                startup_stm32f10x_md.o
    0x20000968   0x00000400   Zero   RW          328    STACK               startup_stm32f10x_md.o


==============================================================================

Image component sizes


      Code (inc. data)   RO Data    RW Data    ZI Data      Debug   Object Name

       212         18          0          4          0        987   delay.o
        88          0          0          0          0        654   exti.o
        56          6          0          0          0        467   led.o
      1344        304          0         35         60       3450   lora_app.o
       164         78          0          0          0     255195   main.o
       220         22          0          0          0       1793   misc.o
        56         22        236          0       1536        788   startup_stm32f10x_md.o
       284         10          0          0          0       2223   stm32f10x_exti.o
       860         38          0          0          0       5637   stm32f10x_gpio.o
        26          0          0          0          0       1174   stm32f10x_it.o
       932         36          0         20          0       8800   stm32f10x_rcc.o
      3610         88          0          0          0      22120   stm32f10x_tim.o
      1032         22          0          0          0       8360   stm32f10x_usart.o
         0          0          0          0          0         32   sys.o
         0          0          0         20          0        608   system_stm32f10x.o
       176          8          0          0          0        920   timer.o
       432         12          0          8          0       3580   usart.o
       616         46          0          8       1640       3031   usart3.o

    ----------------------------------------------------------------------
     10112        710        268         96       3236     319819   Object Totals
         0          0         32          0          0          0   (incl. Generated)
         4          0          0          1          0          0   (incl. Padding)

    ----------------------------------------------------------------------

      Code (inc. data)   RO Data    RW Data    ZI Data      Debug   Library Member Name

        24          4          0          0          0         84   __2printf.o
        44          6          0          0          0         84   __2sprintf.o
         8          0          0          0          0         68   __main.o
       392          4         17          0          0         92   __printf_flags_ss_wp.o
        14          0          0          0          0         68   __printf_wp.o
         0          0          0          0          0          0   __rtentry.o
        12          0          0          0          0          0   __rtentry2.o
         6          0          0          0          0          0   __rtentry4.o
        52          8          0          0          0          0   __scatter.o
        26          0          0          0          0          0   __scatter_copy.o
        28          0          0          0          0          0   __scatter_zi.o
         6          0          0          0          0          0   _printf_a.o
         6          0          0          0          0          0   _printf_c.o
        44          0          0          0          0        108   _printf_char.o
        48          6          0          0          0         96   _printf_char_common.o
        36          4          0          0          0         80   _printf_char_file.o
        40          0          0          0          0         68   _printf_charcount.o
         6          0          0          0          0          0   _printf_d.o
       120         16          0          0          0         92   _printf_dec.o
         6          0          0          0          0          0   _printf_e.o
         6          0          0          0          0          0   _printf_f.o
      1050          0          0          0          0        216   _printf_fp_dec.o
       764         10         38          0          0        100   _printf_fp_hex.o
       128         16          0          0          0         84   _printf_fp_infnan.o
         6          0          0          0          0          0   _printf_g.o
       148          4         40          0          0        160   _printf_hex_int_ll_ptr.o
         6          0          0          0          0          0   _printf_i.o
       178          0          0          0          0         88   _printf_intcommon.o
        10          0          0          0          0          0   _printf_l.o
         6          0          0          0          0          0   _printf_lc.o
        10          0          0          0          0          0   _printf_ll.o
         6          0          0          0          0          0   _printf_lld.o
         6          0          0          0          0          0   _printf_lli.o
         6          0          0          0          0          0   _printf_llo.o
         6          0          0          0          0          0   _printf_llu.o
         6          0          0          0          0          0   _printf_llx.o
       124         16          0          0          0         92   _printf_longlong_dec.o
         6          0          0          0          0          0   _printf_ls.o
         6          0          0          0          0          0   _printf_n.o
         6          0          0          0          0          0   _printf_o.o
       112          8          0          0          0        124   _printf_oct_int_ll.o
         6          0          0          0          0          0   _printf_p.o
        78          0          0          0          0        108   _printf_pad.o
         0          0          0          0          0          0   _printf_percent.o
         4          0          0          0          0          0   _printf_percent_end.o
         6          0          0          0          0          0   _printf_s.o
        82          0          0          0          0         80   _printf_str.o
        36          0          0          0          0         84   _printf_truncate.o
         6          0          0          0          0          0   _printf_u.o
        44          0          0          0          0        108   _printf_wchar.o
       188          6          8          0          0         92   _printf_wctomb.o
         6          0          0          0          0          0   _printf_x.o
        10          0          0          0          0         68   _sputc.o
        64          0          0          0          0         92   _wcrtomb.o
       220          4        148          0          0         96   bigflt0.o
      1910        128          0          0          0        672   btod.o
        12          0          0          0          0         72   exit.o
         8          0          0          0          0         68   ferror.o
         6          0          0          0          0        152   heapauxi.o
        44         10        272          0          0         76   lc_ctype_c.o
        44         10         28          0          0         76   lc_numeric_c.o
         2          0          0          0          0          0   libinit.o
        30          0          0          0          0          0   libinit2.o
         2          0          0          0          0          0   libshutdown.o
         2          0          0          0          0          0   libshutdown2.o
         8          4          0          0         96         68   libspace.o
       138          0          0          0          0         80   lludiv10.o
        16          4          0          0          0         76   rt_ctype_table.o
         8          4          0          0          0         68   rt_locale_intlibspace.o
         2          0          0          0          0          0   rtexit.o
        10          0          0          0          0          0   rtexit2.o
       128          0          0          0          0         68   strcmpv7m.o
        62          0          0          0          0         76   strlen.o
        36          0          0          0          0         80   strstr.o
        74          0          0          0          0         80   sys_stackheap_outer.o
         2          0          0          0          0         68   use_no_semi.o
         2          0          0          0          0         68   use_no_semi_2.o
        36          4          0          0          0         76   vsprintf.o
         4          0          0          0          0         68   printf1.o
         4          0          0          0          0         68   printf2.o
         0          0          0          0          0          0   usenofp.o
        40          0          0          0          0         68   fpclassify.o

    ----------------------------------------------------------------------
      6904        276        556          0        100       4560   Library Totals
        10          0          5          0          4          0   (incl. Padding)

    ----------------------------------------------------------------------

      Code (inc. data)   RO Data    RW Data    ZI Data      Debug   Library Name

      6846        276        551          0         96       4356   c_w.l
         8          0          0          0          0        136   fz_ws.l
        40          0          0          0          0         68   m_ws.l

    ----------------------------------------------------------------------
      6904        276        556          0        100       4560   Library Totals

    ----------------------------------------------------------------------

==============================================================================


      Code (inc. data)   RO Data    RW Data    ZI Data      Debug   

     17016        986        824         96       3336     320631   Grand Totals
     17016        986        824         96       3336     320631   ELF Image Totals
     17016        986        824         96          0          0   ROM Totals

==============================================================================

    Total RO  Size (Code + RO Data)                17840 (  17.42kB)
    Total RW  Size (RW Data + ZI Data)              3432 (   3.35kB)
    Total ROM Size (Code + RO Data + RW Data)      17936 (  17.52kB)

==============================================================================

